Archive member included to satisfy reference by file (symbol)

c:/intelfpga_lite/20.1/nios2eds/bin/gnu/h-x86_64-mingw32/bin/../lib/gcc/nios2-elf/10.1.1/mhw-mulx\libgcc.a(_fixunssfsi.o)
                              obj/default/main.o (__fixunssfsi)
c:/intelfpga_lite/20.1/nios2eds/bin/gnu/h-x86_64-mingw32/bin/../lib/gcc/nios2-elf/10.1.1/mhw-mulx\libgcc.a(gesf2.o)
                              c:/intelfpga_lite/20.1/nios2eds/bin/gnu/h-x86_64-mingw32/bin/../lib/gcc/nios2-elf/10.1.1/mhw-mulx\libgcc.a(_fixunssfsi.o) (__gesf2)
c:/intelfpga_lite/20.1/nios2eds/bin/gnu/h-x86_64-mingw32/bin/../lib/gcc/nios2-elf/10.1.1/mhw-mulx\libgcc.a(subsf3.o)
                              c:/intelfpga_lite/20.1/nios2eds/bin/gnu/h-x86_64-mingw32/bin/../lib/gcc/nios2-elf/10.1.1/mhw-mulx\libgcc.a(_fixunssfsi.o) (__subsf3)
c:/intelfpga_lite/20.1/nios2eds/bin/gnu/h-x86_64-mingw32/bin/../lib/gcc/nios2-elf/10.1.1/mhw-mulx\libgcc.a(fixsfsi.o)
                              c:/intelfpga_lite/20.1/nios2eds/bin/gnu/h-x86_64-mingw32/bin/../lib/gcc/nios2-elf/10.1.1/mhw-mulx\libgcc.a(_fixunssfsi.o) (__fixsfsi)
c:/intelfpga_lite/20.1/nios2eds/bin/gnu/h-x86_64-mingw32/bin/../lib/gcc/nios2-elf/10.1.1/mhw-mulx\libgcc.a(floatsisf.o)
                              obj/default/main.o (__floatsisf)
c:/intelfpga_lite/20.1/nios2eds/bin/gnu/h-x86_64-mingw32/bin/../lib/gcc/nios2-elf/10.1.1/mhw-mulx\libgcc.a(_clzsi2.o)
                              c:/intelfpga_lite/20.1/nios2eds/bin/gnu/h-x86_64-mingw32/bin/../lib/gcc/nios2-elf/10.1.1/mhw-mulx\libgcc.a(subsf3.o) (__clzsi2)
c:/intelfpga_lite/20.1/nios2eds/bin/gnu/h-x86_64-mingw32/bin/../lib/gcc/nios2-elf/10.1.1/mhw-mulx\libgcc.a(_clz.o)
                              c:/intelfpga_lite/20.1/nios2eds/bin/gnu/h-x86_64-mingw32/bin/../lib/gcc/nios2-elf/10.1.1/mhw-mulx\libgcc.a(_clzsi2.o) (__clz_tab)
c:/intelfpga_lite/20.1/nios2eds/bin/gnu/h-x86_64-mingw32/bin/../lib/gcc/nios2-elf/10.1.1/../../../../../H-x86_64-mingw32/nios2-elf/lib/mhw-mulx\libc.a(lib_a-puts.o)
                              obj/default/main.o (puts)
c:/intelfpga_lite/20.1/nios2eds/bin/gnu/h-x86_64-mingw32/bin/../lib/gcc/nios2-elf/10.1.1/../../../../../H-x86_64-mingw32/nios2-elf/lib/mhw-mulx\libc.a(lib_a-strlen.o)
                              c:/intelfpga_lite/20.1/nios2eds/bin/gnu/h-x86_64-mingw32/bin/../lib/gcc/nios2-elf/10.1.1/../../../../../H-x86_64-mingw32/nios2-elf/lib/mhw-mulx\libc.a(lib_a-puts.o) (strlen)
c:/intelfpga_lite/20.1/nios2eds/bin/gnu/h-x86_64-mingw32/bin/../lib/gcc/nios2-elf/10.1.1/../../../../../H-x86_64-mingw32/nios2-elf/lib/mhw-mulx\libc.a(lib_a-findfp.o)
                              c:/intelfpga_lite/20.1/nios2eds/bin/gnu/h-x86_64-mingw32/bin/../lib/gcc/nios2-elf/10.1.1/../../../../../H-x86_64-mingw32/nios2-elf/lib/mhw-mulx\libc.a(lib_a-puts.o) (__sinit)
c:/intelfpga_lite/20.1/nios2eds/bin/gnu/h-x86_64-mingw32/bin/../lib/gcc/nios2-elf/10.1.1/../../../../../H-x86_64-mingw32/nios2-elf/lib/mhw-mulx\libc.a(lib_a-fvwrite.o)
                              c:/intelfpga_lite/20.1/nios2eds/bin/gnu/h-x86_64-mingw32/bin/../lib/gcc/nios2-elf/10.1.1/../../../../../H-x86_64-mingw32/nios2-elf/lib/mhw-mulx\libc.a(lib_a-puts.o) (__sfvwrite_r)
c:/intelfpga_lite/20.1/nios2eds/bin/gnu/h-x86_64-mingw32/bin/../lib/gcc/nios2-elf/10.1.1/../../../../../H-x86_64-mingw32/nios2-elf/lib/mhw-mulx\libc.a(lib_a-fwalk.o)
                              c:/intelfpga_lite/20.1/nios2eds/bin/gnu/h-x86_64-mingw32/bin/../lib/gcc/nios2-elf/10.1.1/../../../../../H-x86_64-mingw32/nios2-elf/lib/mhw-mulx\libc.a(lib_a-findfp.o) (_fwalk)
c:/intelfpga_lite/20.1/nios2eds/bin/gnu/h-x86_64-mingw32/bin/../lib/gcc/nios2-elf/10.1.1/../../../../../H-x86_64-mingw32/nios2-elf/lib/mhw-mulx\libc.a(lib_a-impure.o)
                              c:/intelfpga_lite/20.1/nios2eds/bin/gnu/h-x86_64-mingw32/bin/../lib/gcc/nios2-elf/10.1.1/../../../../../H-x86_64-mingw32/nios2-elf/lib/mhw-mulx\libc.a(lib_a-findfp.o) (_global_impure_ptr)
c:/intelfpga_lite/20.1/nios2eds/bin/gnu/h-x86_64-mingw32/bin/../lib/gcc/nios2-elf/10.1.1/../../../../../H-x86_64-mingw32/nios2-elf/lib/mhw-mulx\libc.a(lib_a-mallocr.o)
                              c:/intelfpga_lite/20.1/nios2eds/bin/gnu/h-x86_64-mingw32/bin/../lib/gcc/nios2-elf/10.1.1/../../../../../H-x86_64-mingw32/nios2-elf/lib/mhw-mulx\libc.a(lib_a-findfp.o) (_malloc_r)
c:/intelfpga_lite/20.1/nios2eds/bin/gnu/h-x86_64-mingw32/bin/../lib/gcc/nios2-elf/10.1.1/../../../../../H-x86_64-mingw32/nios2-elf/lib/mhw-mulx\libc.a(lib_a-memchr.o)
                              c:/intelfpga_lite/20.1/nios2eds/bin/gnu/h-x86_64-mingw32/bin/../lib/gcc/nios2-elf/10.1.1/../../../../../H-x86_64-mingw32/nios2-elf/lib/mhw-mulx\libc.a(lib_a-fvwrite.o) (memchr)
c:/intelfpga_lite/20.1/nios2eds/bin/gnu/h-x86_64-mingw32/bin/../lib/gcc/nios2-elf/10.1.1/../../../../../H-x86_64-mingw32/nios2-elf/lib/mhw-mulx\libc.a(lib_a-memcpy.o)
[...]
Memory Configuration

Name             Origin             Length             Attributes
reset            0x0000000000000000 0x0000000000000020
SDRAM            0x0000000000000020 0x0000000003ffffe0
*default*        0x0000000000000000 0xffffffffffffffff

Linker script and memory map

LOAD c:/users/bdunne/source/lcd_camera_example/lcd_camera_bsp/obj/HAL/src/crt0.o
LOAD obj/default/camera.o
LOAD obj/default/main.o
LOAD c:/intelfpga_lite/20.1/nios2eds/bin/gnu/h-x86_64-mingw32/bin/../lib/gcc/nios2-elf/10.1.1/../../../../../H-x86_64-mingw32/nios2-elf/lib/mhw-mulx\libstdc++.a
LOAD c:/intelfpga_lite/20.1/nios2eds/bin/gnu/h-x86_64-mingw32/bin/../lib/gcc/nios2-elf/10.1.1/../../../../../H-x86_64-mingw32/nios2-elf/lib/mhw-mulx\libm.a
LOAD c:/intelfpga_lite/20.1/nios2eds/bin/gnu/h-x86_64-mingw32/bin/../lib/gcc/nios2-elf/10.1.1/mhw-mulx\libgcc.a
START GROUP
LOAD c:/intelfpga_lite/20.1/nios2eds/bin/gnu/h-x86_64-mingw32/bin/../lib/gcc/nios2-elf/10.1.1/../../../../../H-x86_64-mingw32/nios2-elf/lib/mhw-mulx\libc.a
LOAD c:/intelfpga_lite/20.1/nios2eds/bin/gnu/h-x86_64-mingw32/bin/../lib/gcc/nios2-elf/10.1.1/mhw-mulx\libgcc.a
LOAD c:/users/bdunne/source/lcd_camera_example/lcd_camera_bsp\libhal_bsp.a
LOAD c:/intelfpga_lite/20.1/nios2eds/bin/gnu/h-x86_64-mingw32/bin/../lib/gcc/nios2-elf/10.1.1/../../../../../H-x86_64-mingw32/nios2-elf/lib/mhw-mulx\libm.a
END GROUP
LOAD c:/intelfpga_lite/20.1/nios2eds/bin/gnu/h-x86_64-mingw32/bin/../lib/gcc/nios2-elf/10.1.1/mhw-mulx\libgcc.a
                0x0000000000000000                __alt_mem_SDRAM = 0x0

.entry          0x0000000000000000       0x20
 *(.entry)
 .entry         0x0000000000000000       0x20 c:/users/bdunne/source/lcd_camera_example/lcd_camera_bsp/obj/HAL/src/crt0.o
                0x0000000000000000                __reset

.exceptions     0x0000000000000020      0x218
                0x0000000000000020                PROVIDE (__ram_exceptions_start = ABSOLUTE (.))
                0x0000000000000020                . = ALIGN (0x20)
 *(.irq)
 *(.exceptions.entry.label)
 .exceptions.entry.label
                0x0000000000000020        0x0 c:/users/bdunne/source/lcd_camera_example/lcd_camera_bsp\libhal_bsp.a(alt_irq_entry.o)
                0x0000000000000020                alt_irq_entry
 .exceptions.entry.label
                0x0000000000000020        0x0 c:/users/bdunne/source/lcd_camera_example/lcd_camera_bsp\libhal_bsp.a(alt_exception_entry.o)
                0x0000000000000020                alt_exception
 *(.exceptions.entry.user)
 *(.exceptions.entry.ecc_fatal)
 *(.exceptions.entry)
 .exceptions.entry
                0x0000000000000020       0x54 c:/users/bdunne/source/lcd_camera_example/lcd_camera_bsp\libhal_bsp.a(alt_exception_entry.o)
 *(.exceptions.irqtest.user)
 *(.exceptions.irqtest)
 .exceptions.irqtest
                0x0000000000000074       0x10 c:/users/bdunne/source/lcd_camera_example/lcd_camera_bsp\libhal_bsp.a(alt_irq_entry.o)
 *(.exceptions.irqhandler.user)
 *(.exceptions.irqhandler)
 .exceptions.irqhandler
                0x0000000000000084        0x4 c:/users/bdunne/source/lcd_camera_example/lcd_camera_bsp\libhal_bsp.a(alt_irq_entry.o)
 *(.exceptions.irqreturn.user)
 *(.exceptions.irqreturn)
 .exceptions.irqreturn
                0x0000000000000088        0x4 c:/users/bdunne/source/lcd_camera_example/lcd_camera_bsp\libhal_bsp.a(alt_irq_entry.o)
 *(.exceptions.notirq.label)
 .exceptions.notirq.label
                0x000000000000008c        0x0 c:/users/bdunne/source/lcd_camera_example/lcd_camera_bsp\libhal_bsp.a(alt_irq_entry.o)
 *(.exceptions.notirq.user)
 *(.exceptions.notirq)
 .exceptions.notirq
                0x000000000000008c        0x8 c:/users/bdunne/source/lcd_camera_example/lcd_camera_bsp\libhal_bsp.a(alt_exception_entry.o)
 *(.exceptions.soft.user)
 *(.exceptions.soft)
 *(.exceptions.unknown.user)
 *(.exceptions.unknown)
 .exceptions.unknown
                0x0000000000000094       0x14 c:/users/bdunne/source/lcd_camera_example/lcd_camera_bsp\libhal_bsp.a(alt_exception_entry.o)
 *(.exceptions.exit.label)
 .exceptions.exit.label
                0x00000000000000a8        0x0 c:/users/bdunne/source/lcd_camera_example/lcd_camera_bsp\libhal_bsp.a(alt_irq_entry.o)
 .exceptions.exit.label
                0x00000000000000a8        0x0 c:/users/bdunne/source/lcd_camera_example/lcd_camera_bsp\libhal_bsp.a(alt_exception_entry.o)
 *(.exceptions.exit.user)
 *(.exceptions.exit)
 .exceptions.exit
                0x00000000000000a8       0x54 c:/users/bdunne/source/lcd_camera_example/lcd_camera_bsp\libhal_bsp.a(alt_exception_entry.o)
 *(.exceptions)
 .exceptions    0x00000000000000fc       0xc8 c:/users/bdunne/source/lcd_camera_example/lcd_camera_bsp\libhal_bsp.a(alt_irq_handler.o)
                0x00000000000000fc                alt_irq_handler
 .exceptions    0x00000000000001c4       0x74 c:/users/bdunne/source/lcd_camera_example/lcd_camera_bsp\libhal_bsp.a(alt_instruction_exception_entry.o)
                0x00000000000001c4                alt_instruction_exception_entry
                0x0000000000000238                PROVIDE (__ram_exceptions_end = ABSOLUTE (.))
                0x0000000000000020                PROVIDE (__flash_exceptions_start = LOADADDR (.exceptions))

.text           0x0000000000000238     0x9218
                [!provide]                        PROVIDE (stext = ABSOLUTE (.))
 *(.interp)
 *(.hash)
 *(.dynsym)
 *(.dynstr)
 *(.gnu.version)
 *(.gnu.version_d)
 *(.gnu.version_r)
 *(.rel.init)
 *(.rela.init)
 *(.rel.text .rel.text.* .rel.gnu.linkonce.t.*)
 *(.rela.text .rela.text.* .rela.gnu.linkonce.t.*)
 *(.rel.fini)
 *(.rela.fini)
 *(.rel.rodata .rel.rodata.* .rel.gnu.linkonce.r.*)
 *(.rela.rodata .rela.rodata.* .rela.gnu.linkonce.r.*)
 *(.rel.data .rel.data.* .rel.gnu.linkonce.d.*)
 *(.rela.data .rela.data.* .rela.gnu.linkonce.d.*)
 *(.rel.tdata .rel.tdata.* .rel.gnu.linkonce.td.*)
 *(.rela.tdata .rela.tdata.* .rela.gnu.linkonce.td.*)
 *(.rel.tbss .rel.tbss.* .rel.gnu.linkonce.tb.*)
 *(.rela.tbss .rela.tbss.* .rela.gnu.linkonce.tb.*)
 *(.rel.ctors)
 *(.rela.ctors)
 *(.rel.dtors)
 *(.rela.dtors)
 *(.rel.got)
 *(.rela.got)
 *(.rel.sdata .rel.sdata.* .rel.gnu.linkonce.s.*)
 *(.rela.sdata .rela.sdata.* .rela.gnu.linkonce.s.*)
 *(.rel.sbss .rel.sbss.* .rel.gnu.linkonce.sb.*)
 *(.rela.sbss .rela.sbss.* .rela.gnu.linkonce.sb.*)
 *(.rel.sdata2 .rel.sdata2.* .rel.gnu.linkonce.s2.*)
 *(.rela.sdata2 .rela.sdata2.* .rela.gnu.linkonce.s2.*)
 *(.rel.sbss2 .rel.sbss2.* .rel.gnu.linkonce.sb2.*)
 *(.rela.sbss2 .rela.sbss2.* .rela.gnu.linkonce.sb2.*)
 *(.rel.bss .rel.bss.* .rel.gnu.linkonce.b.*)
 *(.rela.bss .rela.bss.* .rela.gnu.linkonce.b.*)
 *(.rel.plt)
 *(.rela.plt)
 *(.rel.dyn)
 *(.init)
 *(.plt)
 *(.text .stub .text.* .gnu.linkonce.t.*)
 .text          0x0000000000000238       0x3c c:/users/bdunne/source/lcd_camera_example/lcd_camera_bsp/obj/HAL/src/crt0.o
                0x0000000000000238                _start
 .text          0x0000000000000274      0x56c obj/default/camera.o
                0x0000000000000274                camera_init
                0x00000000000003f8                camera_horizontalFlip
                0x000000000000051c                camera_verticalFlip
                0x0000000000000640                camera_capture
                0x00000000000006f0                camera_registerCallback
                0x0000000000000774                camera_unregisterCallback
 .text          0x00000000000007e0      0x710 obj/default/main.o
                0x0000000000000e1c                main
 .text          0x0000000000000ef0       0x60 c:/intelfpga_lite/20.1/nios2eds/bin/gnu/h-x86_64-mingw32/bin/../lib/gcc/nios2-elf/10.1.1/mhw-mulx\libgcc.a(_fixunssfsi.o)
                0x0000000000000ef0                __fixunssfsi
 .text          0x0000000000000f50       0xb8 c:/intelfpga_lite/20.1/nios2eds/bin/gnu/h-x86_64-mingw32/bin/../lib/gcc/nios2-elf/10.1.1/mhw-mulx\libgcc.a(gesf2.o)
                0x0000000000000f50                __gesf2
                0x0000000000000f50                __gtsf2
 .text          0x0000000000001008      0x494 c:/intelfpga_lite/20.1/nios2eds/bin/gnu/h-x86_64-mingw32/bin/../lib/gcc/nios2-elf/10.1.1/mhw-mulx\libgcc.a(subsf3.o)
                0x0000000000001008                __subsf3
 .text          0x000000000000149c       0x70 c:/intelfpga_lite/20.1/nios2eds/bin/gnu/h-x86_64-mingw32/bin/../lib/gcc/nios2-elf/10.1.1/mhw-mulx\libgcc.a(fixsfsi.o)
                0x000000000000149c                __fixsfsi
 .text          0x000000000000150c      0x124 c:/intelfpga_lite/20.1/nios2eds/bin/gnu/h-x86_64-mingw32/bin/../lib/gcc/nios2-elf/10.1.1/mhw-mulx\libgcc.a(floatsisf.o)
                0x000000000000150c                __floatsisf
 .text          0x0000000000001630       0x54 c:/intelfpga_lite/20.1/nios2eds/bin/gnu/h-x86_64-mingw32/bin/../lib/gcc/nios2-elf/10.1.1/mhw-mulx\libgcc.a(_clzsi2.o)
                0x0000000000001630                __clzsi2
 .text          0x0000000000001684        0x0 c:/intelfpga_lite/20.1/nios2eds/bin/gnu/h-x86_64-mingw32/bin/../lib/gcc/nios2-elf/10.1.1/mhw-mulx\libgcc.a(_clz.o)
 .text          0x0000000000001684        0x0 c:/intelfpga_lite/20.1/nios2eds/bin/gnu/h-x86_64-mingw32/bin/../lib/gcc/nios2-elf/10.1.1/../../../../../H-x86_64-mingw32/nios2-elf/lib/mhw-mulx\libc.a(lib_a-puts.o)
 .text._puts_r  0x0000000000001684       0xcc c:/intelfpga_lite/20.1/nios2eds/bin/gnu/h-x86_64-mingw32/bin/../lib/gcc/nios2-elf/10.1.1/../../../../../H-x86_64-mingw32/nios2-elf/lib/mhw-mulx\libc.a(lib_a-puts.o)
                0x0000000000001684                _puts_r
 .text.puts     0x0000000000001750       0x10 c:/intelfpga_lite/20.1/nios2eds/bin/gnu/h-x86_64-mingw32/bin/../lib/gcc/nios2-elf/10.1.1/../../../../../H-x86_64-mingw32/nios2-elf/lib/mhw-mulx\libc.a(lib_a-puts.o)
                0x0000000000001750                puts
 .text          0x0000000000001760        0x0 c:/intelfpga_lite/20.1/nios2eds/bin/gnu/h-x86_64-mingw32/bin/../lib/gcc/nios2-elf/10.1.1/../../../../../H-x86_64-mingw32/nios2-elf/lib/mhw-mulx\libc.a(lib_a-strlen.o)
 .text.strlen   0x0000000000001760       0x98 c:/intelfpga_lite/20.1/nios2eds/bin/gnu/h-x86_64-mingw32/bin/../lib/gcc/nios2-elf/10.1.1/../../../../../H-x86_64-mingw32/nios2-elf/lib/mhw-mulx\libc.a(lib_a-strlen.o)
                0x0000000000001760                strlen
 .text          0x00000000000017f8        0x0 c:/intelfpga_lite/20.1/nios2eds/bin/gnu/h-x86_64-mingw32/bin/../lib/gcc/nios2-elf/10.1.1/../../../../../H-x86_64-mingw32/nios2-elf/lib/mhw-mulx\libc.a(lib_a-findfp.o)
 .text.__fp_lock
                0x00000000000017f8        0x8 c:/intelfpga_lite/20.1/nios2eds/bin/gnu/h-x86_64-mingw32/bin/../lib/gcc/nios2-elf/10.1.1/../../../../../H-x86_64-mingw32/nios2-elf/lib/mhw-mulx\libc.a(lib_a-findfp.o)
 .text._cleanup_r
                0x0000000000001800        0xc c:/intelfpga_lite/20.1/nios2eds/bin/gnu/h-x86_64-mingw32/bin/../lib/gcc/nios2-elf/10.1.1/../../../../../H-x86_64-mingw32/nios2-elf/lib/mhw-mulx\libc.a(lib_a-findfp.o)
                0x0000000000001800                _cleanup_r
 .text.__fp_unlock
                0x000000000000180c        0x8 c:/intelfpga_lite/20.1/nios2eds/bin/gnu/h-x86_64-mingw32/bin/../lib/gcc/nios2-elf/10.1.1/../../../../../H-x86_64-mingw32/nios2-elf/lib/mhw-mulx\libc.a(lib_a-findfp.o)
 .text.__sinit.part.0
                0x0000000000001814      0x168 c:/intelfpga_lite/20.1/nios2eds/bin/gnu/h-x86_64-mingw32/bin/../lib/gcc/nios2-elf/10.1.1/../../../../../H-x86_64-mingw32/nios2-elf/lib/mhw-mulx\libc.a(lib_a-findfp.o)
 .text.__sfmoreglue
                0x000000000000197c       0x68 c:/intelfpga_lite/20.1/nios2eds/bin/gnu/h-x86_64-mingw32/bin/../lib/gcc/nios2-elf/10.1.1/../../../../../H-x86_64-mingw32/nios2-elf/lib/mhw-mulx\libc.a(lib_a-findfp.o)
                0x000000000000197c                __sfmoreglue
 .text.__sfp    0x00000000000019e4      0x154 c:/intelfpga_lite/20.1/nios2eds/bin/gnu/h-x86_64-mingw32/bin/../lib/gcc/nios2-elf/10.1.1/../../../../../H-x86_64-mingw32/nios2-elf/lib/mhw-mulx\libc.a(lib_a-findfp.o)
                0x00000000000019e4                __sfp
 .text._cleanup
                0x0000000000001b38       0x14 c:/intelfpga_lite/20.1/nios2eds/bin/gnu/h-x86_64-mingw32/bin/../lib/gcc/nios2-elf/10.1.1/../../../../../H-x86_64-mingw32/nios2-elf/lib/mhw-mulx\libc.a(lib_a-findfp.o)
                0x0000000000001b38                _cleanup
 .text.__sinit  0x0000000000001b4c       0x10 c:/intelfpga_lite/20.1/nios2eds/bin/gnu/h-x86_64-mingw32/bin/../lib/gcc/nios2-elf/10.1.1/../../../../../H-x86_64-mingw32/nios2-elf/lib/mhw-mulx\libc.a(lib_a-findfp.o)
                0x0000000000001b4c                __sinit
 .text.__sfp_lock_acquire
                0x0000000000001b5c        0x4 c:/intelfpga_lite/20.1/nios2eds/bin/gnu/h-x86_64-mingw32/bin/../lib/gcc/nios2-elf/10.1.1/../../../../../H-x86_64-mingw32/nios2-elf/lib/mhw-mulx\libc.a(lib_a-findfp.o)
                0x0000000000001b5c                __sfp_lock_acquire
 .text.__sfp_lock_release
                0x0000000000001b60        0x4 c:/intelfpga_lite/20.1/nios2eds/bin/gnu/h-x86_64-mingw32/bin/../lib/gcc/nios2-elf/10.1.1/../../../../../H-x86_64-mingw32/nios2-elf/lib/mhw-mulx\libc.a(lib_a-findfp.o)
                0x0000000000001b60                __sfp_lock_release
 .text.__sinit_lock_acquire
                0x0000000000001b64        0x4 c:/intelfpga_lite/20.1/nios2eds/bin/gnu/h-x86_64-mingw32/bin/../lib/gcc/nios2-elf/10.1.1/../../../../../H-x86_64-mingw32/nios2-elf/lib/mhw-mulx\libc.a(lib_a-findfp.o)
                0x0000000000001b64                __sinit_lock_acquire
 .text.__sinit_lock_release
                0x0000000000001b68        0x4 c:/intelfpga_lite/20.1/nios2eds/bin/gnu/h-x86_64-mingw32/bin/../lib/gcc/nios2-elf/10.1.1/../../../../../H-x86_64-mingw32/nios2-elf/lib/mhw-mulx\libc.a(lib_a-findfp.o)
                0x0000000000001b68                __sinit_lock_release
 .text.__fp_lock_all
                0x0000000000001b6c       0x14 c:/intelfpga_lite/20.1/nios2eds/bin/gnu/h-x86_64-mingw32/bin/../lib/gcc/nios2-elf/10.1.1/../../../../../H-x86_64-mingw32/nios2-elf/lib/mhw-mulx\libc.a(lib_a-findfp.o)
                0x0000000000001b6c                __fp_lock_all
 .text.__fp_unlock_all
                0x0000000000001b80       0x14 c:/intelfpga_lite/20.1/nios2eds/bin/gnu/h-x86_64-mingw32/bin/../lib/gcc/nios2-elf/10.1.1/../../../../../H-x86_64-mingw32/nios2-elf/lib/mhw-mulx\libc.a(lib_a-findfp.o)
                0x0000000000001b80                __fp_unlock_all
 .text          0x0000000000001b94        0x0 c:/intelfpga_lite/20.1/nios2eds/bin/gnu/h-x86_64-mingw32/bin/../lib/gcc/nios2-elf/10.1.1/../../../../../H-x86_64-mingw32/nios2-elf/lib/mhw-mulx\libc.a(lib_a-fvwrite.o)
 .text.__sfvwrite_r
                0x0000000000001b94      0x4b8 c:/intelfpga_lite/20.1/nios2eds/bin/gnu/h-x86_64-mingw32/bin/../lib/gcc/nios2-elf/10.1.1/../../../../../H-x86_64-mingw32/nios2-elf/lib/mhw-mulx\libc.a(lib_a-fvwrite.o)
                0x0000000000001b94                __sfvwrite_r
 .text          0x000000000000204c        0x0 c:/intelfpga_lite/20.1/nios2eds/bin/gnu/h-x86_64-mingw32/bin/../lib/gcc/nios2-elf/10.1.1/../../../../../H-x86_64-mingw32/nios2-elf/lib/mhw-mulx\libc.a(lib_a-fwalk.o)
 .text._fwalk   0x000000000000204c       0x98 c:/intelfpga_lite/20.1/nios2eds/bin/gnu/h-x86_64-mingw32/bin/../lib/gcc/nios2-elf/10.1.1/../../../../../H-x86_64-mingw32/nios2-elf/lib/mhw-mulx\libc.a(lib_a-fwalk.o)
                0x000000000000204c                _fwalk
 .text._fwalk_reent
                0x00000000000020e4       0xa8 c:/intelfpga_lite/20.1/nios2eds/bin/gnu/h-x86_64-mingw32/bin/../lib/gcc/nios2-elf/10.1.1/../../../../../H-x86_64-mingw32/nios2-elf/lib/mhw-mulx\libc.a(lib_a-fwalk.o)
                0x00000000000020e4                _fwalk_reent
 .text          0x000000000000218c        0x0 c:/intelfpga_lite/20.1/nios2eds/bin/gnu/h-x86_64-mingw32/bin/../lib/gcc/nios2-elf/10.1.1/../../../../../H-x86_64-mingw32/nios2-elf/lib/mhw-mulx\libc.a(lib_a-impure.o)
 .text          0x000000000000218c        0x0 c:/intelfpga_lite/20.1/nios2eds/bin/gnu/h-x86_64-mingw32/bin/../lib/gcc/nios2-elf/10.1.1/../../../../../H-x86_64-mingw32/nios2-elf/lib/mhw-mulx\libc.a(lib_a-mallocr.o)
 .text._malloc_r
                0x000000000000218c      0x7e0 c:/intelfpga_lite/20.1/nios2eds/bin/gnu/h-x86_64-mingw32/bin/../lib/gcc/nios2-elf/10.1.1/../../../../../H-x86_64-mingw32/nios2-elf/lib/mhw-mulx\libc.a(lib_a-mallocr.o)
                0x000000000000218c                _malloc_r
 .text          0x000000000000296c        0x0 c:/intelfpga_lite/20.1/nios2eds/bin/gnu/h-x86_64-mingw32/bin/../lib/gcc/nios2-elf/10.1.1/../../../../../H-x86_64-mingw32/nios2-elf/lib/mhw-mulx\libc.a(lib_a-memchr.o)
 .text.memchr   0x000000000000296c       0xd0 c:/intelfpga_lite/20.1/nios2eds/bin/gnu/h-x86_64-mingw32/bin/../lib/gcc/nios2-elf/10.1.1/../../../../../H-x86_64-mingw32/nios2-elf/lib/mhw-mulx\libc.a(lib_a-memchr.o)
                0x000000000000296c                memchr
 .text          0x0000000000002a3c        0x0 c:/intelfpga_lite/20.1/nios2eds/bin/gnu/h-x86_64-mingw32/bin/../lib/gcc/nios2-elf/10.1.1/../../../../../H-x86_64-mingw32/nios2-elf/lib/mhw-mulx\libc.a(lib_a-memcpy.o)
 .text.memcpy   0x0000000000002a3c      0x100 c:/intelfpga_lite/20.1/nios2eds/bin/gnu/h-x86_64-mingw32/bin/../lib/gcc/nios2-elf/10.1.1/../../../../../H-x86_64-mingw32/nios2-elf/lib/mhw-mulx\libc.a(lib_a-memcpy.o)
                0x0000000000002a3c                memcpy
 .text          0x0000000000002b3c        0x0 c:/intelfpga_lite/20.1/nios2eds/bin/gnu/h-x86_64-mingw32/bin/../lib/gcc/nios2-elf/10.1.1/../../../../../H-x86_64-mingw32/nios2-elf/lib/mhw-mulx\libc.a(lib_a-memmove.o)
 .text.memmove  0x0000000000002b3c      0x12c c:/intelfpga_lite/20.1/nios2eds/bin/gnu/h-x86_64-mingw32/bin/../lib/gcc/nios2-elf/10.1.1/../../../../../H-x86_64-mingw32/nios2-elf/lib/mhw-mulx\libc.a(lib_a-memmove.o)
                0x0000000000002b3c                memmove
 .text          0x0000000000002c68        0x0 c:/intelfpga_lite/20.1/nios2eds/bin/gnu/h-x86_64-mingw32/bin/../lib/gcc/nios2-elf/10.1.1/../../../../../H-x86_64-mingw32/nios2-elf/lib/mhw-mulx\libc.a(lib_a-memset.o)
 .text.memset   0x0000000000002c68       0xf0 c:/intelfpga_lite/20.1/nios2eds/bin/gnu/h-x86_64-mingw32/bin/../lib/gcc/nios2-elf/10.1.1/../../../../../H-x86_64-mingw32/nios2-elf/lib/mhw-mulx\libc.a(lib_a-memset.o)
                0x0000000000002c68                memset
 .text          0x0000000000002d58        0x0 c:/intelfpga_lite/20.1/nios2eds/bin/gnu/h-x86_64-mingw32/bin/../lib/gcc/nios2-elf/10.1.1/../../../../../H-x86_64-mingw32/nios2-elf/lib/mhw-mulx\libc.a(lib_a-reallocr.o)
 .text._realloc_r
                0x0000000000002d58      0x564 c:/intelfpga_lite/20.1/nios2eds/bin/gnu/h-x86_64-mingw32/bin/../lib/gcc/nios2-elf/10.1.1/../../../../../H-x86_64-mingw32/nios2-elf/lib/mhw-mulx\libc.a(lib_a-reallocr.o)
                0x0000000000002d58                _realloc_r
 .text          0x00000000000032bc        0x0 c:/intelfpga_lite/20.1/nios2eds/bin/gnu/h-x86_64-mingw32/bin/../lib/gcc/nios2-elf/10.1.1/../../../../../H-x86_64-mingw32/nios2-elf/lib/mhw-mulx\libc.a(lib_a-sbrkr.o)
 .text._sbrk_r  0x00000000000032bc       0x58 c:/intelfpga_lite/20.1/nios2eds/bin/gnu/h-x86_64-mingw32/bin/../lib/gcc/nios2-elf/10.1.1/../../../../../H-x86_64-mingw32/nios2-elf/lib/mhw-mulx\libc.a(lib_a-sbrkr.o)
                0x00000000000032bc                _sbrk_r
 .text          0x0000000000003314        0x0 c:/intelfpga_lite/20.1/nios2eds/bin/gnu/h-x86_64-mingw32/bin/../lib/gcc/nios2-elf/10.1.1/../../../../../H-x86_64-mingw32/nios2-elf/lib/mhw-mulx\libc.a(lib_a-stdio.o)
 .text.__sread  0x0000000000003314       0x54 c:/intelfpga_lite/20.1/nios2eds/bin/gnu/h-x86_64-mingw32/bin/../lib/gcc/nios2-elf/10.1.1/../../../../../H-x86_64-mingw32/nios2-elf/lib/mhw-mulx\libc.a(lib_a-stdio.o)
                0x0000000000003314                __sread
 .text.__seofread
                0x0000000000003368        0x8 c:/intelfpga_lite/20.1/nios2eds/bin/gnu/h-x86_64-mingw32/bin/../lib/gcc/nios2-elf/10.1.1/../../../../../H-x86_64-mingw32/nios2-elf/lib/mhw-mulx\libc.a(lib_a-stdio.o)
                0x0000000000003368                __seofread
 .text.__swrite
                0x0000000000003370       0x80 c:/intelfpga_lite/20.1/nios2eds/bin/gnu/h-x86_64-mingw32/bin/../lib/gcc/nios2-elf/10.1.1/../../../../../H-x86_64-mingw32/nios2-elf/lib/mhw-mulx\libc.a(lib_a-stdio.o)
                0x0000000000003370                __swrite
 .text.__sseek  0x00000000000033f0       0x5c c:/intelfpga_lite/20.1/nios2eds/bin/gnu/h-x86_64-mingw32/bin/../lib/gcc/nios2-elf/10.1.1/../../../../../H-x86_64-mingw32/nios2-elf/lib/mhw-mulx\libc.a(lib_a-stdio.o)
                0x00000000000033f0                __sseek
 .text.__sclose
                0x000000000000344c        0x8 c:/intelfpga_lite/20.1/nios2eds/bin/gnu/h-x86_64-mingw32/bin/../lib/gcc/nios2-elf/10.1.1/../../../../../H-x86_64-mingw32/nios2-elf/lib/mhw-mulx\libc.a(lib_a-stdio.o)
                0x000000000000344c                __sclose
 .text          0x0000000000003454        0x0 c:/intelfpga_lite/20.1/nios2eds/bin/gnu/h-x86_64-mingw32/bin/../lib/gcc/nios2-elf/10.1.1/../../../../../H-x86_64-mingw32/nios2-elf/lib/mhw-mulx\libc.a(lib_a-writer.o)
 .text._write_r
                0x0000000000003454       0x64 c:/intelfpga_lite/20.1/nios2eds/bin/gnu/h-x86_64-mingw32/bin/../lib/gcc/nios2-elf/10.1.1/../../../../../H-x86_64-mingw32/nios2-elf/lib/mhw-mulx\libc.a(lib_a-writer.o)
                0x0000000000003454                _write_r
 .text          0x00000000000034b8        0x0 c:/intelfpga_lite/20.1/nios2eds/bin/gnu/h-x86_64-mingw32/bin/../lib/gcc/nios2-elf/10.1.1/../../../../../H-x86_64-mingw32/nios2-elf/lib/mhw-mulx\libc.a(lib_a-wsetup.o)
 .text.__swsetup_r
                0x00000000000034b8      0x164 c:/intelfpga_lite/20.1/nios2eds/bin/gnu/h-x86_64-mingw32/bin/../lib/gcc/nios2-elf/10.1.1/../../../../../H-x86_64-mingw32/nios2-elf/lib/mhw-mulx\libc.a(lib_a-wsetup.o)
                0x00000000000034b8                __swsetup_r
 .text          0x000000000000361c        0x0 c:/intelfpga_lite/20.1/nios2eds/bin/gnu/h-x86_64-mingw32/bin/../lib/gcc/nios2-elf/10.1.1/../../../../../H-x86_64-mingw32/nios2-elf/lib/mhw-mulx\libc.a(closer.o)
 .text._close_r
                0x000000000000361c       0x58 c:/intelfpga_lite/20.1/nios2eds/bin/gnu/h-x86_64-mingw32/bin/../lib/gcc/nios2-elf/10.1.1/../../../../../H-x86_64-mingw32/nios2-elf/lib/mhw-mulx\libc.a(closer.o)
                0x000000000000361c                _close_r
 .text          0x0000000000003674        0x0 c:/intelfpga_lite/20.1/nios2eds/bin/gnu/h-x86_64-mingw32/bin/../lib/gcc/nios2-elf/10.1.1/../../../../../H-x86_64-mingw32/nios2-elf/lib/mhw-mulx\libc.a(lib_a-fclose.o)
 .text._fclose_r.part.0
                0x0000000000003674       0xc0 c:/intelfpga_lite/20.1/nios2eds/bin/gnu/h-x86_64-mingw32/bin/../lib/gcc/nios2-elf/10.1.1/../../../../../H-x86_64-mingw32/nios2-elf/lib/mhw-mulx\libc.a(lib_a-fclose.o)
 .text._fclose_r
                0x0000000000003734       0x70 c:/intelfpga_lite/20.1/nios2eds/bin/gnu/h-x86_64-mingw32/bin/../lib/gcc/nios2-elf/10.1.1/../../../../../H-x86_64-mingw32/nios2-elf/lib/mhw-mulx\libc.a(lib_a-fclose.o)
                0x0000000000003734                _fclose_r
 .text.fclose   0x00000000000037a4       0x70 c:/intelfpga_lite/20.1/nios2eds/bin/gnu/h-x86_64-mingw32/bin/../lib/gcc/nios2-elf/10.1.1/../../../../../H-x86_64-mingw32/nios2-elf/lib/mhw-mulx\libc.a(lib_a-fclose.o)
                0x00000000000037a4                fclose
 .text          0x0000000000003814        0x0 c:/intelfpga_lite/20.1/nios2eds/bin/gnu/h-x86_64-mingw32/bin/../lib/gcc/nios2-elf/10.1.1/../../../../../H-x86_64-mingw32/nios2-elf/lib/mhw-mulx\libc.a(lib_a-fflush.o)
 .text.__sflush_r
                0x0000000000003814      0x228 c:/intelfpga_lite/20.1/nios2eds/bin/gnu/h-x86_64-mingw32/bin/../lib/gcc/nios2-elf/10.1.1/../../../../../H-x86_64-mingw32/nios2-elf/lib/mhw-mulx\libc.a(lib_a-fflush.o)
                0x0000000000003814                __sflush_r
 .text._fflush_r
                0x0000000000003a3c       0x60 c:/intelfpga_lite/20.1/nios2eds/bin/gnu/h-x86_64-mingw32/bin/../lib/gcc/nios2-elf/10.1.1/../../../../../H-x86_64-mingw32/nios2-elf/lib/mhw-mulx\libc.a(lib_a-fflush.o)
                0x0000000000003a3c                _fflush_r
 .text.fflush   0x0000000000003a9c       0x84 c:/intelfpga_lite/20.1/nios2eds/bin/gnu/h-x86_64-mingw32/bin/../lib/gcc/nios2-elf/10.1.1/../../../../../H-x86_64-mingw32/nios2-elf/lib/mhw-mulx\libc.a(lib_a-fflush.o)
                0x0000000000003a9c                fflush
 .text          0x0000000000003b20        0x0 c:/intelfpga_lite/20.1/nios2eds/bin/gnu/h-x86_64-mingw32/bin/../lib/gcc/nios2-elf/10.1.1/../../../../../H-x86_64-mingw32/nios2-elf/lib/mhw-mulx\libc.a(lib_a-freer.o)
 .text._malloc_trim_r
                0x0000000000003b20      0x11c c:/intelfpga_lite/20.1/nios2eds/bin/gnu/h-x86_64-mingw32/bin/../lib/gcc/nios2-elf/10.1.1/../../../../../H-x86_64-mingw32/nios2-elf/lib/mhw-mulx\libc.a(lib_a-freer.o)
                0x0000000000003b20                _malloc_trim_r
 .text._free_r  0x0000000000003c3c      0x2fc c:/intelfpga_lite/20.1/nios2eds/bin/gnu/h-x86_64-mingw32/bin/../lib/gcc/nios2-elf/10.1.1/../../../../../H-x86_64-mingw32/nios2-elf/lib/mhw-mulx\libc.a(lib_a-freer.o)
                0x0000000000003c3c                _free_r
 .text          0x0000000000003f38        0x0 c:/intelfpga_lite/20.1/nios2eds/bin/gnu/h-x86_64-mingw32/bin/../lib/gcc/nios2-elf/10.1.1/../../../../../H-x86_64-mingw32/nios2-elf/lib/mhw-mulx\libc.a(lib_a-int_errno.o)
 .text          0x0000000000003f38        0x0 c:/intelfpga_lite/20.1/nios2eds/bin/gnu/h-x86_64-mingw32/bin/../lib/gcc/nios2-elf/10.1.1/../../../../../H-x86_64-mingw32/nios2-elf/lib/mhw-mulx\libc.a(lib_a-lseekr.o)
 .text._lseek_r
                0x0000000000003f38       0x64 c:/intelfpga_lite/20.1/nios2eds/bin/gnu/h-x86_64-mingw32/bin/../lib/gcc/nios2-elf/10.1.1/../../../../../H-x86_64-mingw32/nios2-elf/lib/mhw-mulx\libc.a(lib_a-lseekr.o)
                0x0000000000003f38                _lseek_r
 .text          0x0000000000003f9c        0x0 c:/intelfpga_lite/20.1/nios2eds/bin/gnu/h-x86_64-mingw32/bin/../lib/gcc/nios2-elf/10.1.1/../../../../../H-x86_64-mingw32/nios2-elf/lib/mhw-mulx\libc.a(lib_a-makebuf.o)
 .text.__smakebuf_r
                0x0000000000003f9c      0x1b0 c:/intelfpga_lite/20.1/nios2eds/bin/gnu/h-x86_64-mingw32/bin/../lib/gcc/nios2-elf/10.1.1/../../../../../H-x86_64-mingw32/nios2-elf/lib/mhw-mulx\libc.a(lib_a-makebuf.o)
                0x0000000000003f9c                __smakebuf_r
 .text.__swhatbuf_r
                0x000000000000414c       0x98 c:/intelfpga_lite/20.1/nios2eds/bin/gnu/h-x86_64-mingw32/bin/../lib/gcc/nios2-elf/10.1.1/../../../../../H-x86_64-mingw32/nios2-elf/lib/mhw-mulx\libc.a(lib_a-makebuf.o)
                0x000000000000414c                __swhatbuf_r
 .text          0x00000000000041e4        0x0 c:/intelfpga_lite/20.1/nios2eds/bin/gnu/h-x86_64-mingw32/bin/../lib/gcc/nios2-elf/10.1.1/../../../../../H-x86_64-mingw32/nios2-elf/lib/mhw-mulx\libc.a(lib_a-readr.o)
 .text._read_r  0x00000000000041e4       0x64 c:/intelfpga_lite/20.1/nios2eds/bin/gnu/h-x86_64-mingw32/bin/../lib/gcc/nios2-elf/10.1.1/../../../../../H-x86_64-mingw32/nios2-elf/lib/mhw-mulx\libc.a(lib_a-readr.o)
                0x00000000000041e4                _read_r
 .text          0x0000000000004248        0x0 c:/intelfpga_lite/20.1/nios2eds/bin/gnu/h-x86_64-mingw32/bin/../lib/gcc/nios2-elf/10.1.1/../../../../../H-x86_64-mingw32/nios2-elf/lib/mhw-mulx\libc.a(lib_a-fstatr.o)
 .text._fstat_r
                0x0000000000004248       0x60 c:/intelfpga_lite/20.1/nios2eds/bin/gnu/h-x86_64-mingw32/bin/../lib/gcc/nios2-elf/10.1.1/../../../../../H-x86_64-mingw32/nios2-elf/lib/mhw-mulx\libc.a(lib_a-fstatr.o)
                0x0000000000004248                _fstat_r
 .text          0x00000000000042a8        0x0 c:/intelfpga_lite/20.1/nios2eds/bin/gnu/h-x86_64-mingw32/bin/../lib/gcc/nios2-elf/10.1.1/../../../../../H-x86_64-mingw32/nios2-elf/lib/mhw-mulx\libc.a(lib_a-isattyr.o)
 .text._isatty_r
                0x00000000000042a8       0x58 c:/intelfpga_lite/20.1/nios2eds/bin/gnu/h-x86_64-mingw32/bin/../lib/gcc/nios2-elf/10.1.1/../../../../../H-x86_64-mingw32/nios2-elf/lib/mhw-mulx\libc.a(lib_a-isattyr.o)
                0x00000000000042a8                _isatty_r
 .text          0x0000000000004300      0x1b4 c:/intelfpga_lite/20.1/nios2eds/bin/gnu/h-x86_64-mingw32/bin/../lib/gcc/nios2-elf/10.1.1/mhw-mulx\libgcc.a(lib2-divmod.o)
                0x0000000000004300                __divsi3
                0x0000000000004380                __modsi3
                0x00000000000043f4                __udivsi3
                0x0000000000004458                __umodsi3
 .text          0x00000000000044b4      0x10c c:/users/bdunne/source/lcd_camera_example/lcd_camera_bsp\libhal_bsp.a(alt_close.o)
                0x00000000000044f0                close
 .text          0x00000000000045c0       0x2c c:/users/bdunne/source/lcd_camera_example/lcd_camera_bsp\libhal_bsp.a(alt_dev.o)
 .text          0x00000000000045ec        0x0 c:/users/bdunne/source/lcd_camera_example/lcd_camera_bsp\libhal_bsp.a(alt_errno.o)
 .text          0x00000000000045ec       0xec c:/users/bdunne/source/lcd_camera_example/lcd_camera_bsp\libhal_bsp.a(alt_fstat.o)
                0x0000000000004628                fstat
 .text          0x00000000000046d8       0xe0 c:/users/bdunne/source/lcd_camera_example/lcd_camera_bsp\libhal_bsp.a(alt_isatty.o)
                0x0000000000004714                isatty
 .text          0x00000000000047b8       0xec c:/users/bdunne/source/lcd_camera_example/lcd_camera_bsp\libhal_bsp.a(alt_load.o)
                0x0000000000004820                alt_load
 .text          0x00000000000048a4      0x110 c:/users/bdunne/source/lcd_camera_example/lcd_camera_bsp\libhal_bsp.a(alt_lseek.o)
                0x00000000000048e0                lseek
 .text          0x00000000000049b4       0x7c c:/users/bdunne/source/lcd_camera_example/lcd_camera_bsp\libhal_bsp.a(alt_main.o)
                0x00000000000049b4                alt_main
 .text          0x0000000000004a30       0x48 c:/users/bdunne/source/lcd_camera_example/lcd_camera_bsp\libhal_bsp.a(alt_malloc_lock.o)
                0x0000000000004a30                __malloc_lock
                0x0000000000004a54                __malloc_unlock
 .text          0x0000000000004a78      0x138 c:/users/bdunne/source/lcd_camera_example/lcd_camera_bsp\libhal_bsp.a(alt_read.o)
                0x0000000000004ab4                read
 .text          0x0000000000004bb0       0x58 c:/users/bdunne/source/lcd_camera_example/lcd_camera_bsp\libhal_bsp.a(alt_release_fd.o)
                0x0000000000004bb0                alt_release_fd
 .text          0x0000000000004c08       0xb8 c:/users/bdunne/source/lcd_camera_example/lcd_camera_bsp\libhal_bsp.a(alt_sbrk.o)
                0x0000000000004c08                sbrk
 .text          0x0000000000004cc0      0x134 c:/users/bdunne/source/lcd_camera_example/lcd_camera_bsp\libhal_bsp.a(alt_write.o)
                0x0000000000004cfc                write
 .text          0x0000000000004df4       0xf4 c:/users/bdunne/source/lcd_camera_example/lcd_camera_bsp\libhal_bsp.a(alt_sys_init.o)
                0x0000000000004e28                alt_irq_init
                0x0000000000004e64                alt_sys_init
 .text          0x0000000000004ee8     0x1bf4 c:/users/bdunne/source/lcd_camera_example/lcd_camera_bsp\libhal_bsp.a(altera_avalon_i2c.o)
                0x0000000000004ff8                alt_avalon_i2c_register_optional_irq_handler
                0x00000000000050e8                alt_avalon_i2c_register_callback
                0x000000000000513c                alt_avalon_i2c_init
                0x0000000000005228                alt_avalon_i2c_open
                0x0000000000005268                alt_avalon_i2c_enable
                0x0000000000005300                alt_avalon_i2c_disable
                0x000000000000534c                alt_avalon_i2c_master_config_get
                0x00000000000053fc                alt_avalon_i2c_master_config_set
                0x00000000000054c8                alt_avalon_i2c_master_config_speed_get
                0x000000000000554c                alt_avalon_i2c_master_config_speed_set
                0x0000000000005638                alt_avalon_i2c_is_busy
                0x000000000000567c                alt_avalon_i2c_rx_read_available
                0x0000000000005728                alt_avalon_i2c_rx_read
                0x00000000000057d0                alt_avalon_i2c_cmd_write
                0x00000000000058bc                alt_avalon_i2c_send_address
                0x00000000000059ac                alt_avalon_i2c_master_target_get
                0x00000000000059e4                alt_avalon_i2c_master_target_set
                0x0000000000005a18                alt_avalon_i2c_check_nack
                0x0000000000005a64                alt_avalon_i2c_check_arblost
                0x0000000000005ab0                alt_avalon_i2c_interrupt_transaction_status
                0x0000000000005be4                alt_avalon_i2c_master_tx
                0x0000000000005ccc                alt_avalon_i2c_master_rx
                0x0000000000005e08                alt_avalon_i2c_master_tx_rx
                0x0000000000005fd0                alt_avalon_i2c_master_transmit
                0x000000000000618c                alt_avalon_i2c_master_transmit_using_interrupts
                0x0000000000006394                alt_avalon_i2c_master_receive
                0x00000000000065a0                alt_avalon_i2c_master_receive_using_interrupts
                0x000000000000678c                alt_avalon_i2c_int_status_get
                0x00000000000067e4                alt_avalon_i2c_int_raw_status_get
                0x0000000000006828                alt_avalon_i2c_int_clear
                0x0000000000006864                alt_avalon_i2c_int_disable
                0x00000000000068d0                alt_avalon_i2c_int_enable
                0x0000000000006938                alt_avalon_i2c_enabled_ints_get
                0x000000000000697c                alt_avalon_i2c_rx_fifo_threshold_get
                0x00000000000069c8                alt_avalon_i2c_rx_fifo_threshold_set
                0x0000000000006a2c                alt_avalon_i2c_tfr_cmd_fifo_threshold_get
                0x0000000000006a78                alt_avalon_i2c_tfr_cmd_fifo_threshold_set
 .text          0x0000000000006adc      0x164 c:/users/bdunne/source/lcd_camera_example/lcd_camera_bsp\libhal_bsp.a(altera_avalon_jtag_uart_fd.o)
                0x0000000000006adc                altera_avalon_jtag_uart_read_fd
                0x0000000000006b3c                altera_avalon_jtag_uart_write_fd
                0x0000000000006b9c                altera_avalon_jtag_uart_close_fd
                0x0000000000006bec                altera_avalon_jtag_uart_ioctl_fd
 .text          0x0000000000006c40      0x3d4 c:/users/bdunne/source/lcd_camera_example/lcd_camera_bsp\libhal_bsp.a(altera_avalon_jtag_uart_init.o)
                0x0000000000006c40                altera_avalon_jtag_uart_init
                0x0000000000006fac                altera_avalon_jtag_uart_close
 .text          0x0000000000007014       0xf4 c:/users/bdunne/source/lcd_camera_example/lcd_camera_bsp\libhal_bsp.a(altera_avalon_jtag_uart_ioctl.o)
                0x0000000000007014                altera_avalon_jtag_uart_ioctl
 .text          0x0000000000007108      0x220 c:/users/bdunne/source/lcd_camera_example/lcd_camera_bsp\libhal_bsp.a(altera_avalon_jtag_uart_read.o)
                0x0000000000007108                altera_avalon_jtag_uart_read
 .text          0x0000000000007328      0x228 c:/users/bdunne/source/lcd_camera_example/lcd_camera_bsp\libhal_bsp.a(altera_avalon_jtag_uart_write.o)
                0x0000000000007328                altera_avalon_jtag_uart_write
 .text          0x0000000000007550      0x100 c:/users/bdunne/source/lcd_camera_example/lcd_camera_bsp\libhal_bsp.a(altera_avalon_timer_sc.o)
                0x00000000000075cc                alt_avalon_timer_sc_init
 .text          0x0000000000007650      0x4c0 c:/users/bdunne/source/lcd_camera_example/lcd_camera_bsp\libhal_bsp.a(dma_avalon_st_sink_to_mm_master.o)
                0x0000000000007784                dma_s2m_init
                0x00000000000077e8                dma_s2m_open
                0x0000000000007824                dma_s2m_close
                0x0000000000007890                dma_s2m_register_fc_callback
                0x00000000000078f8                dma_s2m_register_oe_callback
                0x0000000000007960                dma_s2m_unregister_fc_callback
                0x00000000000079b4                dma_s2m_unregister_oe_callback
                0x0000000000007a08                dma_s2m_set_base_addr
                0x0000000000007a48                dma_s2m_enable_stream
                0x0000000000007a90                dma_s2m_disable_stream
                0x0000000000007adc                dma_s2m_get_status
 .text          0x0000000000007b10      0x178 c:/users/bdunne/source/lcd_camera_example/lcd_camera_bsp\libhal_bsp.a(lcd8080.o)
                0x0000000000007b10                lcd8080_init
                0x0000000000007bd0                lcd8080_open
                0x0000000000007c0c                lcd8080_write
 .text          0x0000000000007c88      0x134 c:/users/bdunne/source/lcd_camera_example/lcd_camera_bsp\libhal_bsp.a(alt_alarm_start.o)
                0x0000000000007c88                alt_alarm_start
 .text          0x0000000000007dbc      0x128 c:/users/bdunne/source/lcd_camera_example/lcd_camera_bsp\libhal_bsp.a(alt_busy_sleep.o)
                0x0000000000007dbc                alt_busy_sleep
 .text          0x0000000000007ee4       0x20 c:/users/bdunne/source/lcd_camera_example/lcd_camera_bsp\libhal_bsp.a(alt_dcache_flush_all.o)
                0x0000000000007ee4                alt_dcache_flush_all
 .text          0x0000000000007f04       0xe4 c:/users/bdunne/source/lcd_camera_example/lcd_camera_bsp\libhal_bsp.a(alt_dev_llist_insert.o)
                0x0000000000007f40                alt_dev_llist_insert
 .text          0x0000000000007fe8       0x64 c:/users/bdunne/source/lcd_camera_example/lcd_camera_bsp\libhal_bsp.a(alt_do_ctors.o)
                0x0000000000007fe8                _do_ctors
 .text          0x000000000000804c       0x64 c:/users/bdunne/source/lcd_camera_example/lcd_camera_bsp\libhal_bsp.a(alt_do_dtors.o)
                0x000000000000804c                _do_dtors
 .text          0x00000000000080b0       0x90 c:/users/bdunne/source/lcd_camera_example/lcd_camera_bsp\libhal_bsp.a(alt_find_dev.o)
                0x00000000000080b0                alt_find_dev
 .text          0x0000000000008140       0x34 c:/users/bdunne/source/lcd_camera_example/lcd_camera_bsp\libhal_bsp.a(alt_icache_flush_all.o)
                0x0000000000008140                alt_icache_flush_all
 .text          0x0000000000008174      0x1b0 c:/users/bdunne/source/lcd_camera_example/lcd_camera_bsp\libhal_bsp.a(alt_iic.o)
                0x0000000000008174                alt_ic_isr_register
                0x00000000000081c4                alt_ic_irq_enable
                0x000000000000824c                alt_ic_irq_disable
                0x00000000000082d8                alt_ic_irq_enabled
 .text          0x0000000000008324       0xe8 c:/users/bdunne/source/lcd_camera_example/lcd_camera_bsp\libhal_bsp.a(alt_iic_isr_register.o)
                0x0000000000008324                alt_iic_isr_register
 .text          0x000000000000840c      0x12c c:/users/bdunne/source/lcd_camera_example/lcd_camera_bsp\libhal_bsp.a(alt_io_redirect.o)
                0x00000000000084bc                alt_io_redirect
 .text          0x0000000000008538        0x0 c:/users/bdunne/source/lcd_camera_example/lcd_camera_bsp\libhal_bsp.a(alt_irq_entry.o)
 .text          0x0000000000008538        0x0 c:/users/bdunne/source/lcd_camera_example/lcd_camera_bsp\libhal_bsp.a(alt_irq_handler.o)
 .text          0x0000000000008538        0x0 c:/users/bdunne/source/lcd_camera_example/lcd_camera_bsp\libhal_bsp.a(alt_irq_vars.o)
 .text          0x0000000000008538      0x248 c:/users/bdunne/source/lcd_camera_example/lcd_camera_bsp\libhal_bsp.a(alt_open.o)
                0x000000000000862c                open
 .text          0x0000000000008780      0x22c c:/users/bdunne/source/lcd_camera_example/lcd_camera_bsp\libhal_bsp.a(alt_printf.o)
                0x0000000000008780                alt_printf
 .text          0x00000000000089ac       0x30 c:/users/bdunne/source/lcd_camera_example/lcd_camera_bsp\libhal_bsp.a(alt_putchar.o)
                0x00000000000089ac                alt_putchar
 .text          0x00000000000089dc      0x1ac c:/users/bdunne/source/lcd_camera_example/lcd_camera_bsp\libhal_bsp.a(alt_tick.o)
                0x00000000000089dc                alt_alarm_stop
                0x0000000000008a80                alt_tick
 .text          0x0000000000008b88       0x24 c:/users/bdunne/source/lcd_camera_example/lcd_camera_bsp\libhal_bsp.a(altera_nios2_gen2_irq.o)
                0x0000000000008b88                altera_nios2_gen2_irq_init
 .text          0x0000000000008bac        0x0 c:/users/bdunne/source/lcd_camera_example/lcd_camera_bsp\libhal_bsp.a(alt_exception_entry.o)
 .text          0x0000000000008bac      0x108 c:/users/bdunne/source/lcd_camera_example/lcd_camera_bsp\libhal_bsp.a(alt_find_file.o)
                0x0000000000008bac                alt_find_file
 .text          0x0000000000008cb4       0xa0 c:/users/bdunne/source/lcd_camera_example/lcd_camera_bsp\libhal_bsp.a(alt_get_fd.o)
                0x0000000000008cb4                alt_get_fd
 .text          0x0000000000008d54       0x90 c:/users/bdunne/source/lcd_camera_example/lcd_camera_bsp\libhal_bsp.a(alt_icache_flush.o)
                0x0000000000008d54                alt_icache_flush
 .text          0x0000000000008de4       0x98 c:/users/bdunne/source/lcd_camera_example/lcd_camera_bsp\libhal_bsp.a(alt_instruction_exception_entry.o)
                0x0000000000008de4                alt_exception_cause_generated_bad_addr
 .text          0x0000000000008e7c        0x0 c:/intelfpga_lite/20.1/nios2eds/bin/gnu/h-x86_64-mingw32/bin/../lib/gcc/nios2-elf/10.1.1/../../../../../H-x86_64-mingw32/nios2-elf/lib/mhw-mulx\libc.a(lib_a-atexit.o)
 .text.atexit   0x0000000000008e7c       0x14 c:/intelfpga_lite/20.1/nios2eds/bin/gnu/h-x86_64-mingw32/bin/../lib/gcc/nios2-elf/10.1.1/../../../../../H-x86_64-mingw32/nios2-elf/lib/mhw-mulx\libc.a(lib_a-atexit.o)
                0x0000000000008e7c                atexit
 .text          0x0000000000008e90        0x0 c:/intelfpga_lite/20.1/nios2eds/bin/gnu/h-x86_64-mingw32/bin/../lib/gcc/nios2-elf/10.1.1/../../../../../H-x86_64-mingw32/nios2-elf/lib/mhw-mulx\libc.a(lib_a-exit.o)
 .text.exit     0x0000000000008e90       0x34 c:/intelfpga_lite/20.1/nios2eds/bin/gnu/h-x86_64-mingw32/bin/../lib/gcc/nios2-elf/10.1.1/../../../../../H-x86_64-mingw32/nios2-elf/lib/mhw-mulx\libc.a(lib_a-exit.o)
                0x0000000000008e90                exit
 .text          0x0000000000008ec4        0x0 c:/intelfpga_lite/20.1/nios2eds/bin/gnu/h-x86_64-mingw32/bin/../lib/gcc/nios2-elf/10.1.1/../../../../../H-x86_64-mingw32/nios2-elf/lib/mhw-mulx\libc.a(lib_a-memcmp.o)
 .text.memcmp   0x0000000000008ec4       0x78 c:/intelfpga_lite/20.1/nios2eds/bin/gnu/h-x86_64-mingw32/bin/../lib/gcc/nios2-elf/10.1.1/../../../../../H-x86_64-mingw32/nios2-elf/lib/mhw-mulx\libc.a(lib_a-memcmp.o)
                0x0000000000008ec4                memcmp
 .text          0x0000000000008f3c        0x0 c:/intelfpga_lite/20.1/nios2eds/bin/gnu/h-x86_64-mingw32/bin/../lib/gcc/nios2-elf/10.1.1/../../../../../H-x86_64-mingw32/nios2-elf/lib/mhw-mulx\libc.a(lib_a-putchar.o)
 .text._putchar_r
                0x0000000000008f3c        0x8 c:/intelfpga_lite/20.1/nios2eds/bin/gnu/h-x86_64-mingw32/bin/../lib/gcc/nios2-elf/10.1.1/../../../../../H-x86_64-mingw32/nios2-elf/lib/mhw-mulx\libc.a(lib_a-putchar.o)
                0x0000000000008f3c                _putchar_r
 .text.putchar  0x0000000000008f44       0x18 c:/intelfpga_lite/20.1/nios2eds/bin/gnu/h-x86_64-mingw32/bin/../lib/gcc/nios2-elf/10.1.1/../../../../../H-x86_64-mingw32/nios2-elf/lib/mhw-mulx\libc.a(lib_a-putchar.o)
                0x0000000000008f44                putchar
 .text          0x0000000000008f5c        0x0 c:/intelfpga_lite/20.1/nios2eds/bin/gnu/h-x86_64-mingw32/bin/../lib/gcc/nios2-elf/10.1.1/../../../../../H-x86_64-mingw32/nios2-elf/lib/mhw-mulx\libc.a(lib_a-__atexit.o)
 .text.__register_exitproc
                0x0000000000008f5c       0x90 c:/intelfpga_lite/20.1/nios2eds/bin/gnu/h-x86_64-mingw32/bin/../lib/gcc/nios2-elf/10.1.1/../../../../../H-x86_64-mingw32/nios2-elf/lib/mhw-mulx\libc.a(lib_a-__atexit.o)
                0x0000000000008f5c                __register_exitproc
 .text          0x0000000000008fec        0x0 c:/intelfpga_lite/20.1/nios2eds/bin/gnu/h-x86_64-mingw32/bin/../lib/gcc/nios2-elf/10.1.1/../../../../../H-x86_64-mingw32/nios2-elf/lib/mhw-mulx\libc.a(lib_a-__call_atexit.o)
 .text.__call_exitprocs
                0x0000000000008fec      0x120 c:/intelfpga_lite/20.1/nios2eds/bin/gnu/h-x86_64-mingw32/bin/../lib/gcc/nios2-elf/10.1.1/../../../../../H-x86_64-mingw32/nios2-elf/lib/mhw-mulx\libc.a(lib_a-__call_atexit.o)
                0x0000000000008fec                __call_exitprocs
 .text          0x000000000000910c        0x0 c:/intelfpga_lite/20.1/nios2eds/bin/gnu/h-x86_64-mingw32/bin/../lib/gcc/nios2-elf/10.1.1/../../../../../H-x86_64-mingw32/nios2-elf/lib/mhw-mulx\libc.a(lib_a-putc.o)
 .text._putc_r  0x000000000000910c       0xcc c:/intelfpga_lite/20.1/nios2eds/bin/gnu/h-x86_64-mingw32/bin/../lib/gcc/nios2-elf/10.1.1/../../../../../H-x86_64-mingw32/nios2-elf/lib/mhw-mulx\libc.a(lib_a-putc.o)
                0x000000000000910c                _putc_r
 .text.putc     0x00000000000091d8       0xe0 c:/intelfpga_lite/20.1/nios2eds/bin/gnu/h-x86_64-mingw32/bin/../lib/gcc/nios2-elf/10.1.1/../../../../../H-x86_64-mingw32/nios2-elf/lib/mhw-mulx\libc.a(lib_a-putc.o)
                0x00000000000091d8                putc
 .text          0x00000000000092b8        0x0 c:/intelfpga_lite/20.1/nios2eds/bin/gnu/h-x86_64-mingw32/bin/../lib/gcc/nios2-elf/10.1.1/../../../../../H-x86_64-mingw32/nios2-elf/lib/mhw-mulx\libc.a(lib_a-wbuf.o)
 .text.__swbuf_r
                0x00000000000092b8      0x148 c:/intelfpga_lite/20.1/nios2eds/bin/gnu/h-x86_64-mingw32/bin/../lib/gcc/nios2-elf/10.1.1/../../../../../H-x86_64-mingw32/nios2-elf/lib/mhw-mulx\libc.a(lib_a-wbuf.o)
                0x00000000000092b8                __swbuf_r
 .text.__swbuf  0x0000000000009400       0x18 c:/intelfpga_lite/20.1/nios2eds/bin/gnu/h-x86_64-mingw32/bin/../lib/gcc/nios2-elf/10.1.1/../../../../../H-x86_64-mingw32/nios2-elf/lib/mhw-mulx\libc.a(lib_a-wbuf.o)
                0x0000000000009400                __swbuf
 .text          0x0000000000009418       0x38 c:/users/bdunne/source/lcd_camera_example/lcd_camera_bsp\libhal_bsp.a(alt_exit.o)
                0x0000000000009418                _exit
 *(.gnu.warning.*)
 *(.fini)
                [!provide]                        PROVIDE (__etext = ABSOLUTE (.))
                [!provide]                        PROVIDE (_etext = ABSOLUTE (.))
                [!provide]                        PROVIDE (etext = ABSOLUTE (.))
 *(.eh_frame_hdr)
                0x0000000000009450                . = ALIGN (0x4)
                [!provide]                        PROVIDE (__preinit_array_start = ABSOLUTE (.))
 *(.preinit_array)
                [!provide]                        PROVIDE (__preinit_array_end = ABSOLUTE (.))
                [!provide]                        PROVIDE (__init_array_start = ABSOLUTE (.))
 *(.init_array)
                [!provide]                        PROVIDE (__init_array_end = ABSOLUTE (.))
                [!provide]                        PROVIDE (__fini_array_start = ABSOLUTE (.))
 *(.fini_array)
                [!provide]                        PROVIDE (__fini_array_end = ABSOLUTE (.))
 *(.eh_frame)
 *(.gcc_except_table .gcc_except_table.*)
 *(.dynamic)
                0x0000000000009450                PROVIDE (__CTOR_LIST__ = ABSOLUTE (.))
 *(.ctors)
 *(SORT_BY_NAME(.ctors.*))
                0x0000000000009450                PROVIDE (__CTOR_END__ = ABSOLUTE (.))
                0x0000000000009450                PROVIDE (__DTOR_LIST__ = ABSOLUTE (.))
 *(.dtors)
 *(SORT_BY_NAME(.dtors.*))
                0x0000000000009450                PROVIDE (__DTOR_END__ = ABSOLUTE (.))
 *(.jcr)
                0x0000000000009450                . = ALIGN (0x4)

.rodata         0x0000000000009450      0x248
                0x0000000000009450                PROVIDE (__ram_rodata_start = ABSOLUTE (.))
                0x0000000000009450                . = ALIGN (0x4)
 *(.rodata .rodata.* .gnu.linkonce.r.*)
 .rodata        0x0000000000009450       0x65 obj/default/camera.o
 *fill*         0x00000000000094b5        0x3 
 .rodata        0x00000000000094b8       0x4b obj/default/main.o
 *fill*         0x0000000000009503        0x1 
 .rodata        0x0000000000009504      0x100 c:/intelfpga_lite/20.1/nios2eds/bin/gnu/h-x86_64-mingw32/bin/../lib/gcc/nios2-elf/10.1.1/mhw-mulx\libgcc.a(_clz.o)
                0x0000000000009504                __clz_tab
 .rodata._puts_r.str1.4
                0x0000000000009604        0x2 c:/intelfpga_lite/20.1/nios2eds/bin/gnu/h-x86_64-mingw32/bin/../lib/gcc/nios2-elf/10.1.1/../../../../../H-x86_64-mingw32/nios2-elf/lib/mhw-mulx\libc.a(lib_a-puts.o)
 *fill*         0x0000000000009606        0x2 
 .rodata        0x0000000000009608        0xa c:/users/bdunne/source/lcd_camera_example/lcd_camera_bsp\libhal_bsp.a(alt_dev.o)
 *fill*         0x0000000000009612        0x2 
 .rodata        0x0000000000009614        0xf c:/users/bdunne/source/lcd_camera_example/lcd_camera_bsp\libhal_bsp.a(alt_main.o)
 *fill*         0x0000000000009623        0x1 
 .rodata        0x0000000000009624       0x51 c:/users/bdunne/source/lcd_camera_example/lcd_camera_bsp\libhal_bsp.a(alt_sys_init.o)
 *fill*         0x0000000000009675        0x3 
 .rodata        0x0000000000009678       0x1d c:/users/bdunne/source/lcd_camera_example/lcd_camera_bsp\libhal_bsp.a(altera_avalon_i2c.o)
 *(.rodata1)
                0x0000000000009698                . = ALIGN (0x4)
 *fill*         0x0000000000009695        0x3 
                0x0000000000009698                PROVIDE (__ram_rodata_end = ABSOLUTE (.))
                0x0000000000009450                PROVIDE (__flash_rodata_start = LOADADDR (.rodata))

.rwdata         0x0000000000009698     0x1afc load address 0x000000000000b194
                0x0000000000009698                PROVIDE (__ram_rwdata_start = ABSOLUTE (.))
                0x0000000000009698                . = ALIGN (0x4)
 *(.got.plt)
 *(.got)
 *(.data1)
 *(.data .data.* .gnu.linkonce.d.*)
 .data          0x0000000000009698        0x0 c:/users/bdunne/source/lcd_camera_example/lcd_camera_bsp/obj/HAL/src/crt0.o
 .data          0x0000000000009698        0x0 obj/default/camera.o
 .data          0x0000000000009698        0x0 obj/default/main.o
 .data          0x0000000000009698        0x0 c:/intelfpga_lite/20.1/nios2eds/bin/gnu/h-x86_64-mingw32/bin/../lib/gcc/nios2-elf/10.1.1/mhw-mulx\libgcc.a(_fixunssfsi.o)
 .data          0x0000000000009698        0x0 c:/intelfpga_lite/20.1/nios2eds/bin/gnu/h-x86_64-mingw32/bin/../lib/gcc/nios2-elf/10.1.1/mhw-mulx\libgcc.a(gesf2.o)
 .data          0x0000000000009698        0x0 c:/intelfpga_lite/20.1/nios2eds/bin/gnu/h-x86_64-mingw32/bin/../lib/gcc/nios2-elf/10.1.1/mhw-mulx\libgcc.a(subsf3.o)
 .data          0x0000000000009698        0x0 c:/intelfpga_lite/20.1/nios2eds/bin/gnu/h-x86_64-mingw32/bin/../lib/gcc/nios2-elf/10.1.1/mhw-mulx\libgcc.a(fixsfsi.o)
 .data          0x0000000000009698        0x0 c:/intelfpga_lite/20.1/nios2eds/bin/gnu/h-x86_64-mingw32/bin/../lib/gcc/nios2-elf/10.1.1/mhw-mulx\libgcc.a(floatsisf.o)
 .data          0x0000000000009698        0x0 c:/intelfpga_lite/20.1/nios2eds/bin/gnu/h-x86_64-mingw32/bin/../lib/gcc/nios2-elf/10.1.1/mhw-mulx\libgcc.a(_clzsi2.o)
 .data          0x0000000000009698        0x0 c:/intelfpga_lite/20.1/nios2eds/bin/gnu/h-x86_64-mingw32/bin/../lib/gcc/nios2-elf/10.1.1/mhw-mulx\libgcc.a(_clz.o)
 .data          0x0000000000009698        0x0 c:/intelfpga_lite/20.1/nios2eds/bin/gnu/h-x86_64-mingw32/bin/../lib/gcc/nios2-elf/10.1.1/../../../../../H-x86_64-mingw32/nios2-elf/lib/mhw-mulx\libc.a(lib_a-puts.o)
 .data          0x0000000000009698        0x0 c:/intelfpga_lite/20.1/nios2eds/bin/gnu/h-x86_64-mingw32/bin/../lib/gcc/nios2-elf/10.1.1/../../../../../H-x86_64-mingw32/nios2-elf/lib/mhw-mulx\libc.a(lib_a-strlen.o)
 .data          0x0000000000009698        0x0 c:/intelfpga_lite/20.1/nios2eds/bin/gnu/h-x86_64-mingw32/bin/../lib/gcc/nios2-elf/10.1.1/../../../../../H-x86_64-mingw32/nios2-elf/lib/mhw-mulx\libc.a(lib_a-findfp.o)
 .data          0x0000000000009698        0x0 c:/intelfpga_lite/20.1/nios2eds/bin/gnu/h-x86_64-mingw32/bin/../lib/gcc/nios2-elf/10.1.1/../../../../../H-x86_64-mingw32/nios2-elf/lib/mhw-mulx\libc.a(lib_a-fvwrite.o)
 .data          0x0000000000009698        0x0 c:/intelfpga_lite/20.1/nios2eds/bin/gnu/h-x86_64-mingw32/bin/../lib/gcc/nios2-elf/10.1.1/../../../../../H-x86_64-mingw32/nios2-elf/lib/mhw-mulx\libc.a(lib_a-fwalk.o)
 .data          0x0000000000009698        0x0 c:/intelfpga_lite/20.1/nios2eds/bin/gnu/h-x86_64-mingw32/bin/../lib/gcc/nios2-elf/10.1.1/../../../../../H-x86_64-mingw32/nios2-elf/lib/mhw-mulx\libc.a(lib_a-impure.o)
 .data.impure_data
                0x0000000000009698      0x424 c:/intelfpga_lite/20.1/nios2eds/bin/gnu/h-x86_64-mingw32/bin/../lib/gcc/nios2-elf/10.1.1/../../../../../H-x86_64-mingw32/nios2-elf/lib/mhw-mulx\libc.a(lib_a-impure.o)
 .data          0x0000000000009abc        0x0 c:/intelfpga_lite/20.1/nios2eds/bin/gnu/h-x86_64-mingw32/bin/../lib/gcc/nios2-elf/10.1.1/../../../../../H-x86_64-mingw32/nios2-elf/lib/mhw-mulx\libc.a(lib_a-mallocr.o)
 .data.__malloc_av_
                0x0000000000009abc      0x408 c:/intelfpga_lite/20.1/nios2eds/bin/gnu/h-x86_64-mingw32/bin/../lib/gcc/nios2-elf/10.1.1/../../../../../H-x86_64-mingw32/nios2-elf/lib/mhw-mulx\libc.a(lib_a-mallocr.o)
                0x0000000000009abc                __malloc_av_
 .data          0x0000000000009ec4        0x0 c:/intelfpga_lite/20.1/nios2eds/bin/gnu/h-x86_64-mingw32/bin/../lib/gcc/nios2-elf/10.1.1/../../../../../H-x86_64-mingw32/nios2-elf/lib/mhw-mulx\libc.a(lib_a-memchr.o)
 .data          0x0000000000009ec4        0x0 c:/intelfpga_lite/20.1/nios2eds/bin/gnu/h-x86_64-mingw32/bin/../lib/gcc/nios2-elf/10.1.1/../../../../../H-x86_64-mingw32/nios2-elf/lib/mhw-mulx\libc.a(lib_a-memcpy.o)
 .data          0x0000000000009ec4        0x0 c:/intelfpga_lite/20.1/nios2eds/bin/gnu/h-x86_64-mingw32/bin/../lib/gcc/nios2-elf/10.1.1/../../../../../H-x86_64-mingw32/nios2-elf/lib/mhw-mulx\libc.a(lib_a-memmove.o)
 .data          0x0000000000009ec4        0x0 c:/intelfpga_lite/20.1/nios2eds/bin/gnu/h-x86_64-mingw32/bin/../lib/gcc/nios2-elf/10.1.1/../../../../../H-x86_64-mingw32/nios2-elf/lib/mhw-mulx\libc.a(lib_a-memset.o)
 .data          0x0000000000009ec4        0x0 c:/intelfpga_lite/20.1/nios2eds/bin/gnu/h-x86_64-mingw32/bin/../lib/gcc/nios2-elf/10.1.1/../../../../../H-x86_64-mingw32/nios2-elf/lib/mhw-mulx\libc.a(lib_a-reallocr.o)
 .data          0x0000000000009ec4        0x0 c:/intelfpga_lite/20.1/nios2eds/bin/gnu/h-x86_64-mingw32/bin/../lib/gcc/nios2-elf/10.1.1/../../../../../H-x86_64-mingw32/nios2-elf/lib/mhw-mulx\libc.a(lib_a-sbrkr.o)
 .data          0x0000000000009ec4        0x0 c:/intelfpga_lite/20.1/nios2eds/bin/gnu/h-x86_64-mingw32/bin/../lib/gcc/nios2-elf/10.1.1/../../../../../H-x86_64-mingw32/nios2-elf/lib/mhw-mulx\libc.a(lib_a-stdio.o)
 .data          0x0000000000009ec4        0x0 c:/intelfpga_lite/20.1/nios2eds/bin/gnu/h-x86_64-mingw32/bin/../lib/gcc/nios2-elf/10.1.1/../../../../../H-x86_64-mingw32/nios2-elf/lib/mhw-mulx\libc.a(lib_a-writer.o)
 .data          0x0000000000009ec4        0x0 c:/intelfpga_lite/20.1/nios2eds/bin/gnu/h-x86_64-mingw32/bin/../lib/gcc/nios2-elf/10.1.1/../../../../../H-x86_64-mingw32/nios2-elf/lib/mhw-mulx\libc.a(lib_a-wsetup.o)
 .data          0x0000000000009ec4        0x0 c:/intelfpga_lite/20.1/nios2eds/bin/gnu/h-x86_64-mingw32/bin/../lib/gcc/nios2-elf/10.1.1/../../../../../H-x86_64-mingw32/nios2-elf/lib/mhw-mulx\libc.a(closer.o)
 .data          0x0000000000009ec4        0x0 c:/intelfpga_lite/20.1/nios2eds/bin/gnu/h-x86_64-mingw32/bin/../lib/gcc/nios2-elf/10.1.1/../../../../../H-x86_64-mingw32/nios2-elf/lib/mhw-mulx\libc.a(lib_a-fclose.o)
 .data          0x0000000000009ec4        0x0 c:/intelfpga_lite/20.1/nios2eds/bin/gnu/h-x86_64-mingw32/bin/../lib/gcc/nios2-elf/10.1.1/../../../../../H-x86_64-mingw32/nios2-elf/lib/mhw-mulx\libc.a(lib_a-fflush.o)
 .data          0x0000000000009ec4        0x0 c:/intelfpga_lite/20.1/nios2eds/bin/gnu/h-x86_64-mingw32/bin/../lib/gcc/nios2-elf/10.1.1/../../../../../H-x86_64-mingw32/nios2-elf/lib/mhw-mulx\libc.a(lib_a-freer.o)
 .data          0x0000000000009ec4        0x0 c:/intelfpga_lite/20.1/nios2eds/bin/gnu/h-x86_64-mingw32/bin/../lib/gcc/nios2-elf/10.1.1/../../../../../H-x86_64-mingw32/nios2-elf/lib/mhw-mulx\libc.a(lib_a-int_errno.o)
 .data          0x0000000000009ec4        0x0 c:/intelfpga_lite/20.1/nios2eds/bin/gnu/h-x86_64-mingw32/bin/../lib/gcc/nios2-elf/10.1.1/../../../../../H-x86_64-mingw32/nios2-elf/lib/mhw-mulx\libc.a(lib_a-lseekr.o)
 .data          0x0000000000009ec4        0x0 c:/intelfpga_lite/20.1/nios2eds/bin/gnu/h-x86_64-mingw32/bin/../lib/gcc/nios2-elf/10.1.1/../../../../../H-x86_64-mingw32/nios2-elf/lib/mhw-mulx\libc.a(lib_a-makebuf.o)
 .data          0x0000000000009ec4        0x0 c:/intelfpga_lite/20.1/nios2eds/bin/gnu/h-x86_64-mingw32/bin/../lib/gcc/nios2-elf/10.1.1/../../../../../H-x86_64-mingw32/nios2-elf/lib/mhw-mulx\libc.a(lib_a-readr.o)
 .data          0x0000000000009ec4        0x0 c:/intelfpga_lite/20.1/nios2eds/bin/gnu/h-x86_64-mingw32/bin/../lib/gcc/nios2-elf/10.1.1/../../../../../H-x86_64-mingw32/nios2-elf/lib/mhw-mulx\libc.a(lib_a-fstatr.o)
 .data          0x0000000000009ec4        0x0 c:/intelfpga_lite/20.1/nios2eds/bin/gnu/h-x86_64-mingw32/bin/../lib/gcc/nios2-elf/10.1.1/../../../../../H-x86_64-mingw32/nios2-elf/lib/mhw-mulx\libc.a(lib_a-isattyr.o)
 .data          0x0000000000009ec4        0x0 c:/intelfpga_lite/20.1/nios2eds/bin/gnu/h-x86_64-mingw32/bin/../lib/gcc/nios2-elf/10.1.1/mhw-mulx\libgcc.a(lib2-divmod.o)
 .data          0x0000000000009ec4        0x0 c:/users/bdunne/source/lcd_camera_example/lcd_camera_bsp\libhal_bsp.a(alt_close.o)
 .data          0x0000000000009ec4      0x1a8 c:/users/bdunne/source/lcd_camera_example/lcd_camera_bsp\libhal_bsp.a(alt_dev.o)
                0x0000000000009ec4                alt_dev_null
                0x0000000000009eec                alt_fd_list
 .data          0x000000000000a06c        0x0 c:/users/bdunne/source/lcd_camera_example/lcd_camera_bsp\libhal_bsp.a(alt_errno.o)
 .data          0x000000000000a06c        0x0 c:/users/bdunne/source/lcd_camera_example/lcd_camera_bsp\libhal_bsp.a(alt_fstat.o)
 .data          0x000000000000a06c        0x0 c:/users/bdunne/source/lcd_camera_example/lcd_camera_bsp\libhal_bsp.a(alt_isatty.o)
 .data          0x000000000000a06c        0x0 c:/users/bdunne/source/lcd_camera_example/lcd_camera_bsp\libhal_bsp.a(alt_load.o)
 .data          0x000000000000a06c        0x0 c:/users/bdunne/source/lcd_camera_example/lcd_camera_bsp\libhal_bsp.a(alt_lseek.o)
 .data          0x000000000000a06c        0x0 c:/users/bdunne/source/lcd_camera_example/lcd_camera_bsp\libhal_bsp.a(alt_main.o)
 .data          0x000000000000a06c        0x0 c:/users/bdunne/source/lcd_camera_example/lcd_camera_bsp\libhal_bsp.a(alt_malloc_lock.o)
 .data          0x000000000000a06c        0x0 c:/users/bdunne/source/lcd_camera_example/lcd_camera_bsp\libhal_bsp.a(alt_read.o)
 .data          0x000000000000a06c        0x0 c:/users/bdunne/source/lcd_camera_example/lcd_camera_bsp\libhal_bsp.a(alt_release_fd.o)
 .data          0x000000000000a06c        0x0 c:/users/bdunne/source/lcd_camera_example/lcd_camera_bsp\libhal_bsp.a(alt_sbrk.o)
 .data          0x000000000000a06c        0x0 c:/users/bdunne/source/lcd_camera_example/lcd_camera_bsp\libhal_bsp.a(alt_write.o)
 .data          0x000000000000a06c     0x10d0 c:/users/bdunne/source/lcd_camera_example/lcd_camera_bsp\libhal_bsp.a(alt_sys_init.o)
 .data          0x000000000000b13c        0x0 c:/users/bdunne/source/lcd_camera_example/lcd_camera_bsp\libhal_bsp.a(altera_avalon_i2c.o)
 .data          0x000000000000b13c        0x0 c:/users/bdunne/source/lcd_camera_example/lcd_camera_bsp\libhal_bsp.a(altera_avalon_jtag_uart_fd.o)
 .data          0x000000000000b13c        0x0 c:/users/bdunne/source/lcd_camera_example/lcd_camera_bsp\libhal_bsp.a(altera_avalon_jtag_uart_init.o)
 .data          0x000000000000b13c        0x0 c:/users/bdunne/source/lcd_camera_example/lcd_camera_bsp\libhal_bsp.a(altera_avalon_jtag_uart_ioctl.o)
 .data          0x000000000000b13c        0x0 c:/users/bdunne/source/lcd_camera_example/lcd_camera_bsp\libhal_bsp.a(altera_avalon_jtag_uart_read.o)
 .data          0x000000000000b13c        0x0 c:/users/bdunne/source/lcd_camera_example/lcd_camera_bsp\libhal_bsp.a(altera_avalon_jtag_uart_write.o)
 .data          0x000000000000b13c        0x0 c:/users/bdunne/source/lcd_camera_example/lcd_camera_bsp\libhal_bsp.a(altera_avalon_timer_sc.o)
 .data          0x000000000000b13c        0x0 c:/users/bdunne/source/lcd_camera_example/lcd_camera_bsp\libhal_bsp.a(dma_avalon_st_sink_to_mm_master.o)
 .data          0x000000000000b13c        0x0 c:/users/bdunne/source/lcd_camera_example/lcd_camera_bsp\libhal_bsp.a(lcd8080.o)
 .data          0x000000000000b13c        0x0 c:/users/bdunne/source/lcd_camera_example/lcd_camera_bsp\libhal_bsp.a(alt_alarm_start.o)
 .data          0x000000000000b13c        0x0 c:/users/bdunne/source/lcd_camera_example/lcd_camera_bsp\libhal_bsp.a(alt_busy_sleep.o)
 .data          0x000000000000b13c        0x0 c:/users/bdunne/source/lcd_camera_example/lcd_camera_bsp\libhal_bsp.a(alt_dcache_flush_all.o)
 .data          0x000000000000b13c        0x0 c:/users/bdunne/source/lcd_camera_example/lcd_camera_bsp\libhal_bsp.a(alt_dev_llist_insert.o)
 .data          0x000000000000b13c        0x0 c:/users/bdunne/source/lcd_camera_example/lcd_camera_bsp\libhal_bsp.a(alt_do_ctors.o)
 .data          0x000000000000b13c        0x0 c:/users/bdunne/source/lcd_camera_example/lcd_camera_bsp\libhal_bsp.a(alt_do_dtors.o)
 .data          0x000000000000b13c        0x0 c:/users/bdunne/source/lcd_camera_example/lcd_camera_bsp\libhal_bsp.a(alt_find_dev.o)
 .data          0x000000000000b13c        0x0 c:/users/bdunne/source/lcd_camera_example/lcd_camera_bsp\libhal_bsp.a(alt_icache_flush_all.o)
 .data          0x000000000000b13c        0x0 c:/users/bdunne/source/lcd_camera_example/lcd_camera_bsp\libhal_bsp.a(alt_iic.o)
 .data          0x000000000000b13c        0x0 c:/users/bdunne/source/lcd_camera_example/lcd_camera_bsp\libhal_bsp.a(alt_iic_isr_register.o)
 .data          0x000000000000b13c        0x0 c:/users/bdunne/source/lcd_camera_example/lcd_camera_bsp\libhal_bsp.a(alt_io_redirect.o)
 .data          0x000000000000b13c        0x0 c:/users/bdunne/source/lcd_camera_example/lcd_camera_bsp\libhal_bsp.a(alt_irq_entry.o)
 .data          0x000000000000b13c        0x0 c:/users/bdunne/source/lcd_camera_example/lcd_camera_bsp\libhal_bsp.a(alt_irq_handler.o)
 .data          0x000000000000b13c        0x0 c:/users/bdunne/source/lcd_camera_example/lcd_camera_bsp\libhal_bsp.a(alt_irq_vars.o)
 .data          0x000000000000b13c        0x0 c:/users/bdunne/source/lcd_camera_example/lcd_camera_bsp\libhal_bsp.a(alt_open.o)
 .data          0x000000000000b13c        0x0 c:/users/bdunne/source/lcd_camera_example/lcd_camera_bsp\libhal_bsp.a(alt_printf.o)
 .data          0x000000000000b13c        0x0 c:/users/bdunne/source/lcd_camera_example/lcd_camera_bsp\libhal_bsp.a(alt_putchar.o)
 .data          0x000000000000b13c        0x0 c:/users/bdunne/source/lcd_camera_example/lcd_camera_bsp\libhal_bsp.a(alt_tick.o)
 .data          0x000000000000b13c        0x0 c:/users/bdunne/source/lcd_camera_example/lcd_camera_bsp\libhal_bsp.a(altera_nios2_gen2_irq.o)
 .data          0x000000000000b13c        0x0 c:/users/bdunne/source/lcd_camera_example/lcd_camera_bsp\libhal_bsp.a(alt_exception_entry.o)
 .data          0x000000000000b13c        0x0 c:/users/bdunne/source/lcd_camera_example/lcd_camera_bsp\libhal_bsp.a(alt_find_file.o)
 .data          0x000000000000b13c        0x0 c:/users/bdunne/source/lcd_camera_example/lcd_camera_bsp\libhal_bsp.a(alt_get_fd.o)
 .data          0x000000000000b13c        0x0 c:/users/bdunne/source/lcd_camera_example/lcd_camera_bsp\libhal_bsp.a(alt_icache_flush.o)
 .data          0x000000000000b13c        0x0 c:/users/bdunne/source/lcd_camera_example/lcd_camera_bsp\libhal_bsp.a(alt_instruction_exception_entry.o)
 .data          0x000000000000b13c        0x0 c:/intelfpga_lite/20.1/nios2eds/bin/gnu/h-x86_64-mingw32/bin/../lib/gcc/nios2-elf/10.1.1/../../../../../H-x86_64-mingw32/nios2-elf/lib/mhw-mulx\libc.a(lib_a-atexit.o)
 .data          0x000000000000b13c        0x0 c:/intelfpga_lite/20.1/nios2eds/bin/gnu/h-x86_64-mingw32/bin/../lib/gcc/nios2-elf/10.1.1/../../../../../H-x86_64-mingw32/nios2-elf/lib/mhw-mulx\libc.a(lib_a-exit.o)
 .data          0x000000000000b13c        0x0 c:/intelfpga_lite/20.1/nios2eds/bin/gnu/h-x86_64-mingw32/bin/../lib/gcc/nios2-elf/10.1.1/../../../../../H-x86_64-mingw32/nios2-elf/lib/mhw-mulx\libc.a(lib_a-memcmp.o)
 .data          0x000000000000b13c        0x0 c:/intelfpga_lite/20.1/nios2eds/bin/gnu/h-x86_64-mingw32/bin/../lib/gcc/nios2-elf/10.1.1/../../../../../H-x86_64-mingw32/nios2-elf/lib/mhw-mulx\libc.a(lib_a-putchar.o)
 .data          0x000000000000b13c        0x0 c:/intelfpga_lite/20.1/nios2eds/bin/gnu/h-x86_64-mingw32/bin/../lib/gcc/nios2-elf/10.1.1/../../../../../H-x86_64-mingw32/nios2-elf/lib/mhw-mulx\libc.a(lib_a-__atexit.o)
 .data          0x000000000000b13c        0x0 c:/intelfpga_lite/20.1/nios2eds/bin/gnu/h-x86_64-mingw32/bin/../lib/gcc/nios2-elf/10.1.1/../../../../../H-x86_64-mingw32/nios2-elf/lib/mhw-mulx\libc.a(lib_a-__call_atexit.o)
 .data          0x000000000000b13c        0x0 c:/intelfpga_lite/20.1/nios2eds/bin/gnu/h-x86_64-mingw32/bin/../lib/gcc/nios2-elf/10.1.1/../../../../../H-x86_64-mingw32/nios2-elf/lib/mhw-mulx\libc.a(lib_a-putc.o)
 .data          0x000000000000b13c        0x0 c:/intelfpga_lite/20.1/nios2eds/bin/gnu/h-x86_64-mingw32/bin/../lib/gcc/nios2-elf/10.1.1/../../../../../H-x86_64-mingw32/nios2-elf/lib/mhw-mulx\libc.a(lib_a-wbuf.o)
 .data          0x000000000000b13c        0x0 c:/users/bdunne/source/lcd_camera_example/lcd_camera_bsp\libhal_bsp.a(alt_exit.o)
                0x000000000001313c                _gp = ABSOLUTE ((. + 0x8000))
                [!provide]                        PROVIDE (gp = _gp)
 *(.rwdata .rwdata.*)
 *(.sdata .sdata.* .gnu.linkonce.s.*)
 .sdata         0x000000000000b13c        0x8 obj/default/main.o
                0x000000000000b13c                front_buffer
                0x000000000000b140                back_buffer
 .sdata._global_impure_ptr
                0x000000000000b144        0x4 c:/intelfpga_lite/20.1/nios2eds/bin/gnu/h-x86_64-mingw32/bin/../lib/gcc/nios2-elf/10.1.1/../../../../../H-x86_64-mingw32/nios2-elf/lib/mhw-mulx\libc.a(lib_a-impure.o)
                0x000000000000b144                _global_impure_ptr
 .sdata._impure_ptr
                0x000000000000b148        0x4 c:/intelfpga_lite/20.1/nios2eds/bin/gnu/h-x86_64-mingw32/bin/../lib/gcc/nios2-elf/10.1.1/../../../../../H-x86_64-mingw32/nios2-elf/lib/mhw-mulx\libc.a(lib_a-impure.o)
                0x000000000000b148                _impure_ptr
 .sdata.__malloc_sbrk_base
                0x000000000000b14c        0x4 c:/intelfpga_lite/20.1/nios2eds/bin/gnu/h-x86_64-mingw32/bin/../lib/gcc/nios2-elf/10.1.1/../../../../../H-x86_64-mingw32/nios2-elf/lib/mhw-mulx\libc.a(lib_a-mallocr.o)
                0x000000000000b14c                __malloc_sbrk_base
 .sdata.__malloc_trim_threshold
                0x000000000000b150        0x4 c:/intelfpga_lite/20.1/nios2eds/bin/gnu/h-x86_64-mingw32/bin/../lib/gcc/nios2-elf/10.1.1/../../../../../H-x86_64-mingw32/nios2-elf/lib/mhw-mulx\libc.a(lib_a-mallocr.o)
                0x000000000000b150                __malloc_trim_threshold
 .sdata         0x000000000000b154       0x14 c:/users/bdunne/source/lcd_camera_example/lcd_camera_bsp\libhal_bsp.a(alt_dev.o)
                0x000000000000b154                alt_fs_list
                0x000000000000b15c                alt_dev_list
                0x000000000000b164                alt_max_fd
 .sdata         0x000000000000b168        0x4 c:/users/bdunne/source/lcd_camera_example/lcd_camera_bsp\libhal_bsp.a(alt_errno.o)
                0x000000000000b168                alt_errno
 .sdata         0x000000000000b16c        0x4 c:/users/bdunne/source/lcd_camera_example/lcd_camera_bsp\libhal_bsp.a(alt_sbrk.o)
 .sdata         0x000000000000b170        0x8 c:/users/bdunne/source/lcd_camera_example/lcd_camera_bsp\libhal_bsp.a(altera_avalon_i2c.o)
                0x000000000000b170                alt_avalon_i2c_list
 .sdata         0x000000000000b178        0x8 c:/users/bdunne/source/lcd_camera_example/lcd_camera_bsp\libhal_bsp.a(dma_avalon_st_sink_to_mm_master.o)
                0x000000000000b178                dma_s2m_dev_list
 .sdata         0x000000000000b180        0x8 c:/users/bdunne/source/lcd_camera_example/lcd_camera_bsp\libhal_bsp.a(lcd8080.o)
                0x000000000000b180                lcd8080_dev_list
 .sdata         0x000000000000b188        0x4 c:/users/bdunne/source/lcd_camera_example/lcd_camera_bsp\libhal_bsp.a(alt_irq_vars.o)
                0x000000000000b188                alt_priority_mask
 .sdata         0x000000000000b18c        0x8 c:/users/bdunne/source/lcd_camera_example/lcd_camera_bsp\libhal_bsp.a(alt_tick.o)
                0x000000000000b18c                alt_alarm_list
 *(.sdata2 .sdata2.* .gnu.linkonce.s2.*)
                0x000000000000b194                . = ALIGN (0x4)
                0x000000000000b194                _edata = ABSOLUTE (.)
                [!provide]                        PROVIDE (edata = ABSOLUTE (.))
                0x000000000000b194                PROVIDE (__ram_rwdata_end = ABSOLUTE (.))
                0x000000000000b194                PROVIDE (__flash_rwdata_start = LOADADDR (.rwdata))

.bss            0x000000000000cc90   0x17715c
                0x000000000000cc90                __bss_start = ABSOLUTE (.)
                [!provide]                        PROVIDE (__sbss_start = ABSOLUTE (.))
                [!provide]                        PROVIDE (___sbss_start = ABSOLUTE (.))
 *(.dynsbss)
 *(.sbss .sbss.* .gnu.linkonce.sb.*)
 .sbss          0x000000000000cc90        0x8 obj/default/main.o
                0x000000000000cc90                capture_failed
                0x000000000000cc94                capture_complete
 .sbss.__malloc_max_total_mem
                0x000000000000cc98        0x4 c:/intelfpga_lite/20.1/nios2eds/bin/gnu/h-x86_64-mingw32/bin/../lib/gcc/nios2-elf/10.1.1/../../../../../H-x86_64-mingw32/nios2-elf/lib/mhw-mulx\libc.a(lib_a-mallocr.o)
                0x000000000000cc98                __malloc_max_total_mem
 .sbss.__malloc_max_sbrked_mem
                0x000000000000cc9c        0x4 c:/intelfpga_lite/20.1/nios2eds/bin/gnu/h-x86_64-mingw32/bin/../lib/gcc/nios2-elf/10.1.1/../../../../../H-x86_64-mingw32/nios2-elf/lib/mhw-mulx\libc.a(lib_a-mallocr.o)
                0x000000000000cc9c                __malloc_max_sbrked_mem
 .sbss.__malloc_top_pad
                0x000000000000cca0        0x4 c:/intelfpga_lite/20.1/nios2eds/bin/gnu/h-x86_64-mingw32/bin/../lib/gcc/nios2-elf/10.1.1/../../../../../H-x86_64-mingw32/nios2-elf/lib/mhw-mulx\libc.a(lib_a-mallocr.o)
                0x000000000000cca0                __malloc_top_pad
 .sbss.errno    0x000000000000cca4        0x4 c:/intelfpga_lite/20.1/nios2eds/bin/gnu/h-x86_64-mingw32/bin/../lib/gcc/nios2-elf/10.1.1/../../../../../H-x86_64-mingw32/nios2-elf/lib/mhw-mulx\libc.a(lib_a-int_errno.o)
                0x000000000000cca4                errno
 .sbss          0x000000000000cca8        0xc c:/users/bdunne/source/lcd_camera_example/lcd_camera_bsp\libhal_bsp.a(alt_main.o)
                0x000000000000cca8                alt_argc
                0x000000000000ccac                alt_argv
                0x000000000000ccb0                alt_envp
 .sbss          0x000000000000ccb4        0x4 c:/users/bdunne/source/lcd_camera_example/lcd_camera_bsp\libhal_bsp.a(alt_irq_vars.o)
                0x000000000000ccb4                alt_irq_active
 .sbss          0x000000000000ccb8        0x8 c:/users/bdunne/source/lcd_camera_example/lcd_camera_bsp\libhal_bsp.a(alt_tick.o)
                0x000000000000ccb8                _alt_tick_rate
                0x000000000000ccbc                _alt_nticks
 .sbss          0x000000000000ccc0        0x4 c:/users/bdunne/source/lcd_camera_example/lcd_camera_bsp\libhal_bsp.a(alt_instruction_exception_entry.o)
                0x000000000000ccc0                alt_instruction_exception_handler
 *(.sbss2 .sbss2.* .gnu.linkonce.sb2.*)
 *(.scommon)
                [!provide]                        PROVIDE (__sbss_end = ABSOLUTE (.))
                [!provide]                        PROVIDE (___sbss_end = ABSOLUTE (.))
 *(.dynbss)
 *(.bss .bss.* .gnu.linkonce.b.*)
 .bss           0x000000000000ccc4        0x0 c:/users/bdunne/source/lcd_camera_example/lcd_camera_bsp/obj/HAL/src/crt0.o
 .bss           0x000000000000ccc4        0x0 obj/default/camera.o
 .bss           0x000000000000ccc4   0x177000 obj/default/main.o
                0x000000000000ccc4                buffer1
                0x00000000000a2cc4                buffer2
                0x0000000000138cc4                framebuffer
 .bss           0x0000000000183cc4        0x0 c:/intelfpga_lite/20.1/nios2eds/bin/gnu/h-x86_64-mingw32/bin/../lib/gcc/nios2-elf/10.1.1/mhw-mulx\libgcc.a(_fixunssfsi.o)
 .bss           0x0000000000183cc4        0x0 c:/intelfpga_lite/20.1/nios2eds/bin/gnu/h-x86_64-mingw32/bin/../lib/gcc/nios2-elf/10.1.1/mhw-mulx\libgcc.a(gesf2.o)
 .bss           0x0000000000183cc4        0x0 c:/intelfpga_lite/20.1/nios2eds/bin/gnu/h-x86_64-mingw32/bin/../lib/gcc/nios2-elf/10.1.1/mhw-mulx\libgcc.a(subsf3.o)
 .bss           0x0000000000183cc4        0x0 c:/intelfpga_lite/20.1/nios2eds/bin/gnu/h-x86_64-mingw32/bin/../lib/gcc/nios2-elf/10.1.1/mhw-mulx\libgcc.a(fixsfsi.o)
 .bss           0x0000000000183cc4        0x0 c:/intelfpga_lite/20.1/nios2eds/bin/gnu/h-x86_64-mingw32/bin/../lib/gcc/nios2-elf/10.1.1/mhw-mulx\libgcc.a(floatsisf.o)
 .bss           0x0000000000183cc4        0x0 c:/intelfpga_lite/20.1/nios2eds/bin/gnu/h-x86_64-mingw32/bin/../lib/gcc/nios2-elf/10.1.1/mhw-mulx\libgcc.a(_clzsi2.o)
 .bss           0x0000000000183cc4        0x0 c:/intelfpga_lite/20.1/nios2eds/bin/gnu/h-x86_64-mingw32/bin/../lib/gcc/nios2-elf/10.1.1/mhw-mulx\libgcc.a(_clz.o)
 .bss           0x0000000000183cc4        0x0 c:/intelfpga_lite/20.1/nios2eds/bin/gnu/h-x86_64-mingw32/bin/../lib/gcc/nios2-elf/10.1.1/../../../../../H-x86_64-mingw32/nios2-elf/lib/mhw-mulx\libc.a(lib_a-puts.o)
 .bss           0x0000000000183cc4        0x0 c:/intelfpga_lite/20.1/nios2eds/bin/gnu/h-x86_64-mingw32/bin/../lib/gcc/nios2-elf/10.1.1/../../../../../H-x86_64-mingw32/nios2-elf/lib/mhw-mulx\libc.a(lib_a-strlen.o)
 .bss           0x0000000000183cc4        0x0 c:/intelfpga_lite/20.1/nios2eds/bin/gnu/h-x86_64-mingw32/bin/../lib/gcc/nios2-elf/10.1.1/../../../../../H-x86_64-mingw32/nios2-elf/lib/mhw-mulx\libc.a(lib_a-findfp.o)
 .bss           0x0000000000183cc4        0x0 c:/intelfpga_lite/20.1/nios2eds/bin/gnu/h-x86_64-mingw32/bin/../lib/gcc/nios2-elf/10.1.1/../../../../../H-x86_64-mingw32/nios2-elf/lib/mhw-mulx\libc.a(lib_a-fvwrite.o)
 .bss           0x0000000000183cc4        0x0 c:/intelfpga_lite/20.1/nios2eds/bin/gnu/h-x86_64-mingw32/bin/../lib/gcc/nios2-elf/10.1.1/../../../../../H-x86_64-mingw32/nios2-elf/lib/mhw-mulx\libc.a(lib_a-fwalk.o)
 .bss           0x0000000000183cc4        0x0 c:/intelfpga_lite/20.1/nios2eds/bin/gnu/h-x86_64-mingw32/bin/../lib/gcc/nios2-elf/10.1.1/../../../../../H-x86_64-mingw32/nios2-elf/lib/mhw-mulx\libc.a(lib_a-impure.o)
 .bss           0x0000000000183cc4        0x0 c:/intelfpga_lite/20.1/nios2eds/bin/gnu/h-x86_64-mingw32/bin/../lib/gcc/nios2-elf/10.1.1/../../../../../H-x86_64-mingw32/nios2-elf/lib/mhw-mulx\libc.a(lib_a-mallocr.o)
 .bss.__malloc_current_mallinfo
                0x0000000000183cc4       0x28 c:/intelfpga_lite/20.1/nios2eds/bin/gnu/h-x86_64-mingw32/bin/../lib/gcc/nios2-elf/10.1.1/../../../../../H-x86_64-mingw32/nios2-elf/lib/mhw-mulx\libc.a(lib_a-mallocr.o)
                0x0000000000183cc4                __malloc_current_mallinfo
 .bss           0x0000000000183cec        0x0 c:/intelfpga_lite/20.1/nios2eds/bin/gnu/h-x86_64-mingw32/bin/../lib/gcc/nios2-elf/10.1.1/../../../../../H-x86_64-mingw32/nios2-elf/lib/mhw-mulx\libc.a(lib_a-memchr.o)
 .bss           0x0000000000183cec        0x0 c:/intelfpga_lite/20.1/nios2eds/bin/gnu/h-x86_64-mingw32/bin/../lib/gcc/nios2-elf/10.1.1/../../../../../H-x86_64-mingw32/nios2-elf/lib/mhw-mulx\libc.a(lib_a-memcpy.o)
 .bss           0x0000000000183cec        0x0 c:/intelfpga_lite/20.1/nios2eds/bin/gnu/h-x86_64-mingw32/bin/../lib/gcc/nios2-elf/10.1.1/../../../../../H-x86_64-mingw32/nios2-elf/lib/mhw-mulx\libc.a(lib_a-memmove.o)
 .bss           0x0000000000183cec        0x0 c:/intelfpga_lite/20.1/nios2eds/bin/gnu/h-x86_64-mingw32/bin/../lib/gcc/nios2-elf/10.1.1/../../../../../H-x86_64-mingw32/nios2-elf/lib/mhw-mulx\libc.a(lib_a-memset.o)
 .bss           0x0000000000183cec        0x0 c:/intelfpga_lite/20.1/nios2eds/bin/gnu/h-x86_64-mingw32/bin/../lib/gcc/nios2-elf/10.1.1/../../../../../H-x86_64-mingw32/nios2-elf/lib/mhw-mulx\libc.a(lib_a-reallocr.o)
 .bss           0x0000000000183cec        0x0 c:/intelfpga_lite/20.1/nios2eds/bin/gnu/h-x86_64-mingw32/bin/../lib/gcc/nios2-elf/10.1.1/../../../../../H-x86_64-mingw32/nios2-elf/lib/mhw-mulx\libc.a(lib_a-sbrkr.o)
 .bss           0x0000000000183cec        0x0 c:/intelfpga_lite/20.1/nios2eds/bin/gnu/h-x86_64-mingw32/bin/../lib/gcc/nios2-elf/10.1.1/../../../../../H-x86_64-mingw32/nios2-elf/lib/mhw-mulx\libc.a(lib_a-stdio.o)
 .bss           0x0000000000183cec        0x0 c:/intelfpga_lite/20.1/nios2eds/bin/gnu/h-x86_64-mingw32/bin/../lib/gcc/nios2-elf/10.1.1/../../../../../H-x86_64-mingw32/nios2-elf/lib/mhw-mulx\libc.a(lib_a-writer.o)
 .bss           0x0000000000183cec        0x0 c:/intelfpga_lite/20.1/nios2eds/bin/gnu/h-x86_64-mingw32/bin/../lib/gcc/nios2-elf/10.1.1/../../../../../H-x86_64-mingw32/nios2-elf/lib/mhw-mulx\libc.a(lib_a-wsetup.o)
 .bss           0x0000000000183cec        0x0 c:/intelfpga_lite/20.1/nios2eds/bin/gnu/h-x86_64-mingw32/bin/../lib/gcc/nios2-elf/10.1.1/../../../../../H-x86_64-mingw32/nios2-elf/lib/mhw-mulx\libc.a(closer.o)
 .bss           0x0000000000183cec        0x0 c:/intelfpga_lite/20.1/nios2eds/bin/gnu/h-x86_64-mingw32/bin/../lib/gcc/nios2-elf/10.1.1/../../../../../H-x86_64-mingw32/nios2-elf/lib/mhw-mulx\libc.a(lib_a-fclose.o)
 .bss           0x0000000000183cec        0x0 c:/intelfpga_lite/20.1/nios2eds/bin/gnu/h-x86_64-mingw32/bin/../lib/gcc/nios2-elf/10.1.1/../../../../../H-x86_64-mingw32/nios2-elf/lib/mhw-mulx\libc.a(lib_a-fflush.o)
 .bss           0x0000000000183cec        0x0 c:/intelfpga_lite/20.1/nios2eds/bin/gnu/h-x86_64-mingw32/bin/../lib/gcc/nios2-elf/10.1.1/../../../../../H-x86_64-mingw32/nios2-elf/lib/mhw-mulx\libc.a(lib_a-freer.o)
 .bss           0x0000000000183cec        0x0 c:/intelfpga_lite/20.1/nios2eds/bin/gnu/h-x86_64-mingw32/bin/../lib/gcc/nios2-elf/10.1.1/../../../../../H-x86_64-mingw32/nios2-elf/lib/mhw-mulx\libc.a(lib_a-int_errno.o)
 .bss           0x0000000000183cec        0x0 c:/intelfpga_lite/20.1/nios2eds/bin/gnu/h-x86_64-mingw32/bin/../lib/gcc/nios2-elf/10.1.1/../../../../../H-x86_64-mingw32/nios2-elf/lib/mhw-mulx\libc.a(lib_a-lseekr.o)
 .bss           0x0000000000183cec        0x0 c:/intelfpga_lite/20.1/nios2eds/bin/gnu/h-x86_64-mingw32/bin/../lib/gcc/nios2-elf/10.1.1/../../../../../H-x86_64-mingw32/nios2-elf/lib/mhw-mulx\libc.a(lib_a-makebuf.o)
 .bss           0x0000000000183cec        0x0 c:/intelfpga_lite/20.1/nios2eds/bin/gnu/h-x86_64-mingw32/bin/../lib/gcc/nios2-elf/10.1.1/../../../../../H-x86_64-mingw32/nios2-elf/lib/mhw-mulx\libc.a(lib_a-readr.o)
 .bss           0x0000000000183cec        0x0 c:/intelfpga_lite/20.1/nios2eds/bin/gnu/h-x86_64-mingw32/bin/../lib/gcc/nios2-elf/10.1.1/../../../../../H-x86_64-mingw32/nios2-elf/lib/mhw-mulx\libc.a(lib_a-fstatr.o)
 .bss           0x0000000000183cec        0x0 c:/intelfpga_lite/20.1/nios2eds/bin/gnu/h-x86_64-mingw32/bin/../lib/gcc/nios2-elf/10.1.1/../../../../../H-x86_64-mingw32/nios2-elf/lib/mhw-mulx\libc.a(lib_a-isattyr.o)
 .bss           0x0000000000183cec        0x0 c:/intelfpga_lite/20.1/nios2eds/bin/gnu/h-x86_64-mingw32/bin/../lib/gcc/nios2-elf/10.1.1/mhw-mulx\libgcc.a(lib2-divmod.o)
 .bss           0x0000000000183cec        0x0 c:/users/bdunne/source/lcd_camera_example/lcd_camera_bsp\libhal_bsp.a(alt_close.o)
 .bss           0x0000000000183cec        0x0 c:/users/bdunne/source/lcd_camera_example/lcd_camera_bsp\libhal_bsp.a(alt_dev.o)
 .bss           0x0000000000183cec        0x0 c:/users/bdunne/source/lcd_camera_example/lcd_camera_bsp\libhal_bsp.a(alt_errno.o)
 .bss           0x0000000000183cec        0x0 c:/users/bdunne/source/lcd_camera_example/lcd_camera_bsp\libhal_bsp.a(alt_fstat.o)
 .bss           0x0000000000183cec        0x0 c:/users/bdunne/source/lcd_camera_example/lcd_camera_bsp\libhal_bsp.a(alt_isatty.o)
 .bss           0x0000000000183cec        0x0 c:/users/bdunne/source/lcd_camera_example/lcd_camera_bsp\libhal_bsp.a(alt_load.o)
 .bss           0x0000000000183cec        0x0 c:/users/bdunne/source/lcd_camera_example/lcd_camera_bsp\libhal_bsp.a(alt_lseek.o)
 .bss           0x0000000000183cec        0x0 c:/users/bdunne/source/lcd_camera_example/lcd_camera_bsp\libhal_bsp.a(alt_main.o)
 .bss           0x0000000000183cec        0x0 c:/users/bdunne/source/lcd_camera_example/lcd_camera_bsp\libhal_bsp.a(alt_malloc_lock.o)
 .bss           0x0000000000183cec        0x0 c:/users/bdunne/source/lcd_camera_example/lcd_camera_bsp\libhal_bsp.a(alt_read.o)
 .bss           0x0000000000183cec        0x0 c:/users/bdunne/source/lcd_camera_example/lcd_camera_bsp\libhal_bsp.a(alt_release_fd.o)
 .bss           0x0000000000183cec        0x0 c:/users/bdunne/source/lcd_camera_example/lcd_camera_bsp\libhal_bsp.a(alt_sbrk.o)
 .bss           0x0000000000183cec        0x0 c:/users/bdunne/source/lcd_camera_example/lcd_camera_bsp\libhal_bsp.a(alt_write.o)
 .bss           0x0000000000183cec        0x0 c:/users/bdunne/source/lcd_camera_example/lcd_camera_bsp\libhal_bsp.a(alt_sys_init.o)
 .bss           0x0000000000183cec        0x0 c:/users/bdunne/source/lcd_camera_example/lcd_camera_bsp\libhal_bsp.a(altera_avalon_i2c.o)
 .bss           0x0000000000183cec        0x0 c:/users/bdunne/source/lcd_camera_example/lcd_camera_bsp\libhal_bsp.a(altera_avalon_jtag_uart_fd.o)
 .bss           0x0000000000183cec        0x0 c:/users/bdunne/source/lcd_camera_example/lcd_camera_bsp\libhal_bsp.a(altera_avalon_jtag_uart_init.o)
 .bss           0x0000000000183cec        0x0 c:/users/bdunne/source/lcd_camera_example/lcd_camera_bsp\libhal_bsp.a(altera_avalon_jtag_uart_ioctl.o)
 .bss           0x0000000000183cec        0x0 c:/users/bdunne/source/lcd_camera_example/lcd_camera_bsp\libhal_bsp.a(altera_avalon_jtag_uart_read.o)
 .bss           0x0000000000183cec        0x0 c:/users/bdunne/source/lcd_camera_example/lcd_camera_bsp\libhal_bsp.a(altera_avalon_jtag_uart_write.o)
 .bss           0x0000000000183cec        0x0 c:/users/bdunne/source/lcd_camera_example/lcd_camera_bsp\libhal_bsp.a(altera_avalon_timer_sc.o)
 .bss           0x0000000000183cec        0x0 c:/users/bdunne/source/lcd_camera_example/lcd_camera_bsp\libhal_bsp.a(dma_avalon_st_sink_to_mm_master.o)
 .bss           0x0000000000183cec        0x0 c:/users/bdunne/source/lcd_camera_example/lcd_camera_bsp\libhal_bsp.a(lcd8080.o)
 .bss           0x0000000000183cec        0x0 c:/users/bdunne/source/lcd_camera_example/lcd_camera_bsp\libhal_bsp.a(alt_alarm_start.o)
 .bss           0x0000000000183cec        0x0 c:/users/bdunne/source/lcd_camera_example/lcd_camera_bsp\libhal_bsp.a(alt_busy_sleep.o)
 .bss           0x0000000000183cec        0x0 c:/users/bdunne/source/lcd_camera_example/lcd_camera_bsp\libhal_bsp.a(alt_dcache_flush_all.o)
 .bss           0x0000000000183cec        0x0 c:/users/bdunne/source/lcd_camera_example/lcd_camera_bsp\libhal_bsp.a(alt_dev_llist_insert.o)
 .bss           0x0000000000183cec        0x0 c:/users/bdunne/source/lcd_camera_example/lcd_camera_bsp\libhal_bsp.a(alt_do_ctors.o)
 .bss           0x0000000000183cec        0x0 c:/users/bdunne/source/lcd_camera_example/lcd_camera_bsp\libhal_bsp.a(alt_do_dtors.o)
 .bss           0x0000000000183cec        0x0 c:/users/bdunne/source/lcd_camera_example/lcd_camera_bsp\libhal_bsp.a(alt_find_dev.o)
 .bss           0x0000000000183cec        0x0 c:/users/bdunne/source/lcd_camera_example/lcd_camera_bsp\libhal_bsp.a(alt_icache_flush_all.o)
 .bss           0x0000000000183cec        0x0 c:/users/bdunne/source/lcd_camera_example/lcd_camera_bsp\libhal_bsp.a(alt_iic.o)
 .bss           0x0000000000183cec        0x0 c:/users/bdunne/source/lcd_camera_example/lcd_camera_bsp\libhal_bsp.a(alt_iic_isr_register.o)
 .bss           0x0000000000183cec        0x0 c:/users/bdunne/source/lcd_camera_example/lcd_camera_bsp\libhal_bsp.a(alt_io_redirect.o)
 .bss           0x0000000000183cec        0x0 c:/users/bdunne/source/lcd_camera_example/lcd_camera_bsp\libhal_bsp.a(alt_irq_entry.o)
 .bss           0x0000000000183cec      0x100 c:/users/bdunne/source/lcd_camera_example/lcd_camera_bsp\libhal_bsp.a(alt_irq_handler.o)
                0x0000000000183cec                alt_irq
 .bss           0x0000000000183dec        0x0 c:/users/bdunne/source/lcd_camera_example/lcd_camera_bsp\libhal_bsp.a(alt_irq_vars.o)
 .bss           0x0000000000183dec        0x0 c:/users/bdunne/source/lcd_camera_example/lcd_camera_bsp\libhal_bsp.a(alt_open.o)
 .bss           0x0000000000183dec        0x0 c:/users/bdunne/source/lcd_camera_example/lcd_camera_bsp\libhal_bsp.a(alt_printf.o)
 .bss           0x0000000000183dec        0x0 c:/users/bdunne/source/lcd_camera_example/lcd_camera_bsp\libhal_bsp.a(alt_putchar.o)
 .bss           0x0000000000183dec        0x0 c:/users/bdunne/source/lcd_camera_example/lcd_camera_bsp\libhal_bsp.a(alt_tick.o)
 .bss           0x0000000000183dec        0x0 c:/users/bdunne/source/lcd_camera_example/lcd_camera_bsp\libhal_bsp.a(altera_nios2_gen2_irq.o)
 .bss           0x0000000000183dec        0x0 c:/users/bdunne/source/lcd_camera_example/lcd_camera_bsp\libhal_bsp.a(alt_exception_entry.o)
 .bss           0x0000000000183dec        0x0 c:/users/bdunne/source/lcd_camera_example/lcd_camera_bsp\libhal_bsp.a(alt_find_file.o)
 .bss           0x0000000000183dec        0x0 c:/users/bdunne/source/lcd_camera_example/lcd_camera_bsp\libhal_bsp.a(alt_get_fd.o)
 .bss           0x0000000000183dec        0x0 c:/users/bdunne/source/lcd_camera_example/lcd_camera_bsp\libhal_bsp.a(alt_icache_flush.o)
 .bss           0x0000000000183dec        0x0 c:/users/bdunne/source/lcd_camera_example/lcd_camera_bsp\libhal_bsp.a(alt_instruction_exception_entry.o)
 .bss           0x0000000000183dec        0x0 c:/intelfpga_lite/20.1/nios2eds/bin/gnu/h-x86_64-mingw32/bin/../lib/gcc/nios2-elf/10.1.1/../../../../../H-x86_64-mingw32/nios2-elf/lib/mhw-mulx\libc.a(lib_a-atexit.o)
 .bss           0x0000000000183dec        0x0 c:/intelfpga_lite/20.1/nios2eds/bin/gnu/h-x86_64-mingw32/bin/../lib/gcc/nios2-elf/10.1.1/../../../../../H-x86_64-mingw32/nios2-elf/lib/mhw-mulx\libc.a(lib_a-exit.o)
 .bss           0x0000000000183dec        0x0 c:/intelfpga_lite/20.1/nios2eds/bin/gnu/h-x86_64-mingw32/bin/../lib/gcc/nios2-elf/10.1.1/../../../../../H-x86_64-mingw32/nios2-elf/lib/mhw-mulx\libc.a(lib_a-memcmp.o)
 .bss           0x0000000000183dec        0x0 c:/intelfpga_lite/20.1/nios2eds/bin/gnu/h-x86_64-mingw32/bin/../lib/gcc/nios2-elf/10.1.1/../../../../../H-x86_64-mingw32/nios2-elf/lib/mhw-mulx\libc.a(lib_a-putchar.o)
 .bss           0x0000000000183dec        0x0 c:/intelfpga_lite/20.1/nios2eds/bin/gnu/h-x86_64-mingw32/bin/../lib/gcc/nios2-elf/10.1.1/../../../../../H-x86_64-mingw32/nios2-elf/lib/mhw-mulx\libc.a(lib_a-__atexit.o)
 .bss           0x0000000000183dec        0x0 c:/intelfpga_lite/20.1/nios2eds/bin/gnu/h-x86_64-mingw32/bin/../lib/gcc/nios2-elf/10.1.1/../../../../../H-x86_64-mingw32/nios2-elf/lib/mhw-mulx\libc.a(lib_a-__call_atexit.o)
 .bss           0x0000000000183dec        0x0 c:/intelfpga_lite/20.1/nios2eds/bin/gnu/h-x86_64-mingw32/bin/../lib/gcc/nios2-elf/10.1.1/../../../../../H-x86_64-mingw32/nios2-elf/lib/mhw-mulx\libc.a(lib_a-putc.o)
 .bss           0x0000000000183dec        0x0 c:/intelfpga_lite/20.1/nios2eds/bin/gnu/h-x86_64-mingw32/bin/../lib/gcc/nios2-elf/10.1.1/../../../../../H-x86_64-mingw32/nios2-elf/lib/mhw-mulx\libc.a(lib_a-wbuf.o)
 .bss           0x0000000000183dec        0x0 c:/users/bdunne/source/lcd_camera_example/lcd_camera_bsp\libhal_bsp.a(alt_exit.o)
 *(COMMON)
                0x0000000000183dec                . = ALIGN (0x4)
                0x0000000000183dec                __bss_end = ABSOLUTE (.)

.SDRAM          0x0000000000183dec        0x0
                [!provide]                        PROVIDE (_alt_partition_SDRAM_start = ABSOLUTE (.))
 *(.SDRAM .SDRAM. SDRAM.*)
                0x0000000000183dec                . = ALIGN (0x4)
                [!provide]                        PROVIDE (_alt_partition_SDRAM_end = ABSOLUTE (.))
                0x0000000000183dec                _end = ABSOLUTE (.)
                0x0000000000183dec                end = ABSOLUTE (.)
                0x0000000000183dec                __alt_stack_base = ABSOLUTE (.)
                [!provide]                        PROVIDE (_alt_partition_SDRAM_load_addr = LOADADDR (.SDRAM))

.stab
 *(.stab)

.stabstr
 *(.stabstr)

.stab.excl
 *(.stab.excl)

.stab.exclstr
 *(.stab.exclstr)

.stab.index
 *(.stab.index)

.stab.indexstr
 *(.stab.indexstr)

.comment        0x0000000000000000       0x2d
 *(.comment)
 .comment       0x0000000000000000       0x2d obj/default/camera.o
                                         0x2e (size before relaxing)
 .comment       0x000000000000002d       0x2e obj/default/main.o
 .comment       0x000000000000002d       0x2e c:/intelfpga_lite/20.1/nios2eds/bin/gnu/h-x86_64-mingw32/bin/../lib/gcc/nios2-elf/10.1.1/mhw-mulx\libgcc.a(_fixunssfsi.o)
 .comment       0x000000000000002d       0x2e c:/intelfpga_lite/20.1/nios2eds/bin/gnu/h-x86_64-mingw32/bin/../lib/gcc/nios2-elf/10.1.1/mhw-mulx\libgcc.a(gesf2.o)
 .comment       0x000000000000002d       0x2e c:/intelfpga_lite/20.1/nios2eds/bin/gnu/h-x86_64-mingw32/bin/../lib/gcc/nios2-elf/10.1.1/mhw-mulx\libgcc.a(subsf3.o)
 .comment       0x000000000000002d       0x2e c:/intelfpga_lite/20.1/nios2eds/bin/gnu/h-x86_64-mingw32/bin/../lib/gcc/nios2-elf/10.1.1/mhw-mulx\libgcc.a(fixsfsi.o)
 .comment       0x000000000000002d       0x2e c:/intelfpga_lite/20.1/nios2eds/bin/gnu/h-x86_64-mingw32/bin/../lib/gcc/nios2-elf/10.1.1/mhw-mulx\libgcc.a(floatsisf.o)
 .comment       0x000000000000002d       0x2e c:/intelfpga_lite/20.1/nios2eds/bin/gnu/h-x86_64-mingw32/bin/../lib/gcc/nios2-elf/10.1.1/mhw-mulx\libgcc.a(_clzsi2.o)
 .comment       0x000000000000002d       0x2e c:/intelfpga_lite/20.1/nios2eds/bin/gnu/h-x86_64-mingw32/bin/../lib/gcc/nios2-elf/10.1.1/mhw-mulx\libgcc.a(_clz.o)
 .comment       0x000000000000002d       0x2e c:/intelfpga_lite/20.1/nios2eds/bin/gnu/h-x86_64-mingw32/bin/../lib/gcc/nios2-elf/10.1.1/../../../../../H-x86_64-mingw32/nios2-elf/lib/mhw-mulx\libc.a(lib_a-puts.o)
 .comment       0x000000000000002d       0x2e c:/intelfpga_lite/20.1/nios2eds/bin/gnu/h-x86_64-mingw32/bin/../lib/gcc/nios2-elf/10.1.1/../../../../../H-x86_64-mingw32/nios2-elf/lib/mhw-mulx\libc.a(lib_a-strlen.o)
 .comment       0x000000000000002d       0x2e c:/intelfpga_lite/20.1/nios2eds/bin/gnu/h-x86_64-mingw32/bin/../lib/gcc/nios2-elf/10.1.1/../../../../../H-x86_64-mingw32/nios2-elf/lib/mhw-mulx\libc.a(lib_a-findfp.o)
 .comment       0x000000000000002d       0x2e c:/intelfpga_lite/20.1/nios2eds/bin/gnu/h-x86_64-mingw32/bin/../lib/gcc/nios2-elf/10.1.1/../../../../../H-x86_64-mingw32/nios2-elf/lib/mhw-mulx\libc.a(lib_a-fvwrite.o)
 .comment       0x000000000000002d       0x2e c:/intelfpga_lite/20.1/nios2eds/bin/gnu/h-x86_64-mingw32/bin/../lib/gcc/nios2-elf/10.1.1/../../../../../H-x86_64-mingw32/nios2-elf/lib/mhw-mulx\libc.a(lib_a-fwalk.o)
 .comment       0x000000000000002d       0x2e c:/intelfpga_lite/20.1/nios2eds/bin/gnu/h-x86_64-mingw32/bin/../lib/gcc/nios2-elf/10.1.1/../../../../../H-x86_64-mingw32/nios2-elf/lib/mhw-mulx\libc.a(lib_a-impure.o)
 .comment       0x000000000000002d       0x2e c:/intelfpga_lite/20.1/nios2eds/bin/gnu/h-x86_64-mingw32/bin/../lib/gcc/nios2-elf/10.1.1/../../../../../H-x86_64-mingw32/nios2-elf/lib/mhw-mulx\libc.a(lib_a-mallocr.o)
 .comment       0x000000000000002d       0x2e c:/intelfpga_lite/20.1/nios2eds/bin/gnu/h-x86_64-mingw32/bin/../lib/gcc/nios2-elf/10.1.1/../../../../../H-x86_64-mingw32/nios2-elf/lib/mhw-mulx\libc.a(lib_a-memchr.o)
 .comment       0x000000000000002d       0x2e c:/intelfpga_lite/20.1/nios2eds/bin/gnu/h-x86_64-mingw32/bin/../lib/gcc/nios2-elf/10.1.1/../../../../../H-x86_64-mingw32/nios2-elf/lib/mhw-mulx\libc.a(lib_a-memcpy.o)